 PhysX3CharacterKinematicDEBUG_x64

 Timestamp is 60d8367c (Sun Jun 27 16:27:40 2021)

 Preferred load address is 0000000180000000

 Start         Length     Name                   Class
 0001:00000000 00004e80H .text$di                CODE
 0001:00004e80 00043cd0H .text$mn                CODE
 0001:00048b50 00001040H .text$mn$00             CODE
 0001:00049b90 0000113cH .text$x                 CODE
 0002:00000000 00000110H .CRT$XCA                DATA
 0002:00000110 00000140H .CRT$XCU                DATA
 0002:00000250 00000110H .CRT$XCZ                DATA
 0002:00000360 00000110H .CRT$XIA                DATA
 0002:00000470 00000110H .CRT$XIZ                DATA
 0002:00000580 00000110H .CRT$XPA                DATA
 0002:00000690 00000110H .CRT$XPZ                DATA
 0002:000007a0 00000110H .CRT$XTA                DATA
 0002:000008b0 00000110H .CRT$XTZ                DATA
 0002:000009c0 00004440H .rdata                  DATA
 0002:00004e00 00000110H .rdata$CastGuardVftablesA DATA
 0002:00004f10 00000110H .rdata$CastGuardVftablesC DATA
 0002:00005020 00000188H .rdata$r                DATA
 0002:000051a8 000001b8H .rdata$zzzdbg           DATA
 0002:00005360 00000110H .rtc$IAA                DATA
 0002:00005470 000001d0H .rtc$IMZ                DATA
 0002:00005640 00000110H .rtc$IZZ                DATA
 0002:00005750 00000110H .rtc$TAA                DATA
 0002:00005860 000001d0H .rtc$TMZ                DATA
 0002:00005a30 00000110H .rtc$TZZ                DATA
 0002:00005b40 00002690H .xdata                  DATA
 0002:000081d0 00000b11H .edata                  DATA
 0003:00000000 000001f0H .data                   DATA
 0003:000001f0 00000278H .data$r                 DATA
 0003:00000468 00000128H .data$rs                DATA
 0003:00000590 000008e9H .bss                    DATA
 0004:00000000 000033ccH .pdata                  DATA
 0005:00000000 000005a0H .idata$5                DATA
 0005:000005a0 00000064H .idata$2                DATA
 0005:00000604 00000014H .idata$3                DATA
 0005:00000618 000005a0H .idata$4                DATA
 0005:00000bb8 000013aaH .idata$6                DATA
 0006:00000000 00000151H .00cfg                  DATA
 0007:00000000 000001c0H .rsrc$01                DATA
 0007:000001c0 00000700H .rsrc$02                DATA

  Address         Publics by Value              Rva+Base               Lib:Object

 0000:00000000       __arm64x_redirection_metadata_count 0000000000000000     <absolute>
 0000:00000000       __arm64x_native_entrypoint 0000000000000000     <absolute>
 0000:00000000       __guard_fids_table         0000000000000000     <absolute>
 0000:00000000       __arm64x_redirection_metadata 0000000000000000     <absolute>
 0000:00000000       __guard_eh_cont_count      0000000000000000     <absolute>
 0000:00000000       __guard_check_icall_a64n_fptr 0000000000000000     <absolute>
 0000:00000000       __guard_longjmp_table      0000000000000000     <absolute>
 0000:00000000       __x64_code_ranges_to_entry_points 0000000000000000     <absolute>
 0000:00000000       __guard_eh_cont_table      0000000000000000     <absolute>
 0000:00000000       __AbsoluteZero             0000000000000000     <absolute>
 0000:00000000       __guard_iat_table          0000000000000000     <absolute>
 0000:00000000       __hybrid_code_map_count    0000000000000000     <absolute>
 0000:00000000       __enclave_config           0000000000000000     <absolute>
 0000:00000000       __guard_fids_count         0000000000000000     <absolute>
 0000:00000000       __x64_code_ranges_to_entry_points_count 0000000000000000     <absolute>
 0000:00000000       ___safe_se_handler_count   0000000000000000     <absolute>
 0000:00000000       __guard_iat_count          0000000000000000     <absolute>
 0000:00000000       __guard_longjmp_count      0000000000000000     <absolute>
 0000:00000000       __arm64x_extra_rfe_table   0000000000000000     <absolute>
 0000:00000000       ___safe_se_handler_table   0000000000000000     <absolute>
 0000:00000000       __dynamic_value_reloc_table 0000000000000000     <absolute>
 0000:00000000       __hybrid_auxiliary_iat     0000000000000000     <absolute>
 0000:00000000       __hybrid_code_map          0000000000000000     <absolute>
 0000:00000000       __arm64x_extra_rfe_table_size 0000000000000000     <absolute>
 0000:00000000       __volatile_metadata        0000000000000000     <absolute>
 0000:00000000       __hybrid_auxiliary_iat_copy 0000000000000000     <absolute>
 0000:00000100       __guard_flags              0000000000000100     <absolute>
 0000:00000000       __ImageBase                0000000180000000     <linker-defined>
 0001:00004e80       ??0BoxController@Cct@physx@@QEAA@AEBVPxControllerDesc@2@AEAVPxPhysics@2@PEAVPxScene@2@@Z 0000000180005e80 f   CctBoxController.obj
 0001:00004fe0       ??1BoxController@Cct@physx@@UEAA@XZ 0000000180005fe0 f   CctBoxController.obj
 0001:00005030       ?getWorldBox@BoxController@Cct@physx@@UEBA_NAEAUPxExtendedBounds3@3@@Z 0000000180006030 f   CctBoxController.obj
 0001:000050a0       ?setFootPosition@BoxController@Cct@physx@@UEAA_NAEBUPxExtendedVec3@3@@Z 00000001800060a0 f   CctBoxController.obj
 0001:00005130       ?getFootPosition@BoxController@Cct@physx@@UEBA?AUPxExtendedVec3@3@XZ 0000000180006130 f   CctBoxController.obj
 0001:000051c0       ?invalidateCache@BoxController@Cct@physx@@UEAAXXZ 00000001800061c0 f   CctBoxController.obj
 0001:00005240       ?resize@BoxController@Cct@physx@@UEAAXM@Z 0000000180006240 f   CctBoxController.obj
 0001:00005310       ?getHalfHeight@BoxController@Cct@physx@@UEBAMXZ 0000000180006310 f   CctBoxController.obj
 0001:00005330       ?getHalfSideExtent@BoxController@Cct@physx@@UEBAMXZ 0000000180006330 f   CctBoxController.obj
 0001:00005350       ?getHalfForwardExtent@BoxController@Cct@physx@@UEBAMXZ 0000000180006350 f   CctBoxController.obj
 0001:00005370       ?setHalfHeight@BoxController@Cct@physx@@UEAA_NM@Z 0000000180006370 f   CctBoxController.obj
 0001:000053c0       ?setHalfSideExtent@BoxController@Cct@physx@@UEAA_NM@Z 00000001800063c0 f   CctBoxController.obj
 0001:00005410       ?setHalfForwardExtent@BoxController@Cct@physx@@UEAA_NM@Z 0000000180006410 f   CctBoxController.obj
 0001:00005460       ?updateKinematicProxy@BoxController@Cct@physx@@QEAA_NXZ 0000000180006460 f   CctBoxController.obj
 0001:00005580       ?getOBB@BoxController@Cct@physx@@QEBAXAEAVPxExtendedBox@3@@Z 0000000180006580 f   CctBoxController.obj
 0001:00005880       ??0Allocator@shdfnd@physx@@QEAA@PEBD@Z 0000000180006880 f i CctBoxController.obj
 0001:000058a0       ??0NonTrackingAllocator@shdfnd@physx@@QEAA@PEBD@Z 00000001800068a0 f i CctBoxController.obj
 0001:000058c0       ??0PxBoxController@physx@@IEAA@XZ 00000001800068c0 f i CctBoxController.obj
 0001:00005900       ??0PxBoxGeometry@physx@@QEAA@XZ 0000000180006900 f i CctBoxController.obj
 0001:00005950       ??0PxController@physx@@IEAA@XZ 0000000180006950 f i CctBoxController.obj
 0001:00005970       ??0PxControllerManager@physx@@IEAA@XZ 0000000180006970 f i CctBoxController.obj
 0001:00005990       ??0PxControllerManager@physx@@QEAA@AEBV01@@Z 0000000180006990 f i CctBoxController.obj
 0001:000059c0       ??0PxExtendedBounds3@physx@@QEAA@XZ 00000001800069c0 f i CctBoxController.obj
 0001:00005a00       ??0PxExtendedVec3@physx@@QEAA@NNN@Z 0000000180006a00 f i CctBoxController.obj
 0001:00005a60       ??0PxExtendedVec3@physx@@QEAA@XZ 0000000180006a60 f i CctBoxController.obj
 0001:00005a70       ??0PxFoundation@physx@@QEAA@AEBV01@@Z 0000000180006a70 f i CctBoxController.obj
 0001:00005aa0       ??0PxFoundation@physx@@QEAA@XZ 0000000180006aa0 f i CctBoxController.obj
 0001:00005ac0       ??0PxGeometry@physx@@IEAA@W4Enum@PxGeometryType@1@@Z 0000000180006ac0 f i CctBoxController.obj
 0001:00005ae0       ??0PxVec3@physx@@QEAA@AEBV01@@Z 0000000180006ae0 f i CctBoxController.obj
 0001:00005b40       ??0PxVec3@physx@@QEAA@MMM@Z 0000000180006b40 f i CctBoxController.obj
 0001:00005ba0       ??1PxBoxController@physx@@MEAA@XZ 0000000180006ba0 f i CctBoxController.obj
 0001:00005bd0       ??1PxController@physx@@MEAA@XZ 0000000180006bd0 f i CctBoxController.obj
 0001:00005bf0       ??1PxControllerManager@physx@@MEAA@XZ 0000000180006bf0 f i CctBoxController.obj
 0001:00005c10       ??1PxFoundation@physx@@MEAA@XZ 0000000180006c10 f i CctBoxController.obj
 0001:00005c30       ??3UserAllocated@shdfnd@physx@@SAXPEAX@Z 0000000180006c30 f i CctBoxController.obj
 0001:00005c60       ??4Allocator@shdfnd@physx@@QEAAAEAV012@$$QEAV012@@Z 0000000180006c60 f i CctBoxController.obj
 0001:00005c80       ??4Allocator@shdfnd@physx@@QEAAAEAV012@AEBV012@@Z 0000000180006c80 f i CctBoxController.obj
 0001:00005ca0       ??4MutexImpl@shdfnd@physx@@QEAAAEAV012@AEBV012@@Z 0000000180006ca0 f i CctBoxController.obj
 0001:00005cc0       ??4PxControllerManager@physx@@QEAAAEAV01@AEBV01@@Z 0000000180006cc0 f i CctBoxController.obj
 0001:00005ce0       ??4PxFoundation@physx@@QEAAAEAV01@AEBV01@@Z 0000000180006ce0 f i CctBoxController.obj
 0001:00005d00       ??4PxQuat@physx@@QEAAAEAV01@AEBV01@@Z 0000000180006d00 f i CctBoxController.obj
 0001:00005d80       ??4PxVec3@physx@@QEAAAEAV01@AEBV01@@Z 0000000180006d80 f i CctBoxController.obj
 0001:00005de0       ??DPxVec3@physx@@QEBA?AV01@M@Z 0000000180006de0 f i CctBoxController.obj
 0001:00005e70       ??GPxExtendedVec3@physx@@QEBA?AVPxVec3@1@AEBU01@@Z 0000000180006e70 f i CctBoxController.obj
 0001:00005f20       ??HPxExtendedVec3@physx@@QEBA?AU01@AEBU01@@Z 0000000180006f20 f i CctBoxController.obj
 0001:00005fc0       ??XPxExtendedVec3@physx@@QEAAAEAU01@AEBM@Z 0000000180006fc0 f i CctBoxController.obj
 0001:00006060       ??XPxVec3@physx@@QEAAAEAV01@M@Z 0000000180007060 f i CctBoxController.obj
 0001:000060e0       ??YPxExtendedVec3@physx@@QEAAAEAU01@AEBVPxVec3@1@@Z 00000001800070e0 f i CctBoxController.obj
 0001:00006180       ??ZPxExtendedVec3@physx@@QEAAAEAU01@AEBVPxVec3@1@@Z 0000000180007180 f i CctBoxController.obj
 0001:0000621c       ??_EBoxController@Cct@physx@@W7EAAPEAXI@Z 000000018000721c f i CctBoxController.obj
 0001:00006230       ??_EPxControllerManager@physx@@MEAAPEAXI@Z 0000000180007230 f i CctBoxController.obj
 0001:00006300       ??_EPxFoundation@physx@@MEAAPEAXI@Z 0000000180007300 f i CctBoxController.obj
 0001:000063d0       ??_FAllocator@shdfnd@physx@@QEAAXXZ 00000001800073d0 f i CctBoxController.obj
 0001:000063f0       ??_FNamedAllocator@shdfnd@physx@@QEAAXXZ 00000001800073f0 f i CctBoxController.obj
 0001:00006410       ??_GBoxController@Cct@physx@@UEAAPEAXI@Z 0000000180007410 f i CctBoxController.obj
 0001:00006410       ??_EBoxController@Cct@physx@@UEAAPEAXI@Z 0000000180007410 f i CctBoxController.obj
 0001:00006480       ??_GPxBoxController@physx@@MEAAPEAXI@Z 0000000180007480 f i CctBoxController.obj
 0001:00006480       ??_EPxBoxController@physx@@MEAAPEAXI@Z 0000000180007480 f i CctBoxController.obj
 0001:000064d0       ??_EPxController@physx@@MEAAPEAXI@Z 00000001800074d0 f i CctBoxController.obj
 0001:000064d0       ??_GPxController@physx@@MEAAPEAXI@Z 00000001800074d0 f i CctBoxController.obj
 0001:00006520       ??_GPxControllerManager@physx@@MEAAPEAXI@Z 0000000180007520 f i CctBoxController.obj
 0001:00006570       ??_GPxFoundation@physx@@MEAAPEAXI@Z 0000000180007570 f i CctBoxController.obj
 0001:000065c0       ??_H@YAXPEAX_K1P6APEAX0@Z@Z 00000001800075c0 f i CctBoxController.obj
 0001:00006660       ??_I@YAXPEAX_K1P6AX0@Z@Z   0000000180007660 f i CctBoxController.obj
 0001:00006720       ?__empty_global_delete@@YAXPEAX@Z 0000000180007720 f i CctBoxController.obj
 0001:00006730       ?__global_delete@@YAXPEAX_K@Z 0000000180007730 f i CctBoxController.obj
 0001:00006730       ?__empty_global_delete@@YAXPEAX_K@Z 0000000180007730 f i CctBoxController.obj
 0001:00006740       ?deallocate@NonTrackingAllocator@shdfnd@physx@@QEAAXPEAX@Z 0000000180007740 f i CctBoxController.obj
 0001:00006790       ?getActor@BoxController@Cct@physx@@UEBAPEAVPxRigidDynamic@3@XZ 0000000180007790 f i CctBoxController.obj
 0001:000067b0       ?getCenter@physx@@YAXAEBUPxExtendedBounds3@1@AEAUPxExtendedVec3@1@@Z 00000001800077b0 f i CctBoxController.obj
 0001:00006830       ?getContactOffset@BoxController@Cct@physx@@UEBAMXZ 0000000180007830 f i CctBoxController.obj
 0001:00006850       ?getExtents@physx@@YAXAEBUPxExtendedBounds3@1@AEAVPxVec3@1@@Z 0000000180007850 f i CctBoxController.obj
 0001:000068b0       ?getHalfHeightInternal@BoxController@Cct@physx@@UEBAMXZ 00000001800078b0 f i CctBoxController.obj
 0001:000068d0       ?getNonWalkableMode@BoxController@Cct@physx@@UEBA?AW4Enum@PxControllerNonWalkableMode@3@XZ 00000001800078d0 f i CctBoxController.obj
 0001:000068f0       ?getPosition@BoxController@Cct@physx@@UEBAAEBUPxExtendedVec3@3@XZ 00000001800078f0 f i CctBoxController.obj
 0001:00006910       ?getPxController@BoxController@Cct@physx@@UEAAPEAVPxController@3@XZ 0000000180007910 f i CctBoxController.obj
 0001:00006930       ?getScene@BoxController@Cct@physx@@UEAAPEAVPxScene@3@XZ 0000000180007930 f i CctBoxController.obj
 0001:00006950       ?getSlopeLimit@BoxController@Cct@physx@@UEBAMXZ 0000000180007950 f i CctBoxController.obj
 0001:00006970       ?getState@BoxController@Cct@physx@@UEBAXAEAUPxControllerState@3@@Z 0000000180007970 f i CctBoxController.obj
 0001:000069b0       ?getStats@BoxController@Cct@physx@@UEBAXAEAUPxControllerStats@3@@Z 00000001800079b0 f i CctBoxController.obj
 0001:000069f0       ?getStepOffset@BoxController@Cct@physx@@UEBAMXZ 00000001800079f0 f i CctBoxController.obj
 0001:00006a10       ?getType@BoxController@Cct@physx@@UEBA?AW4Enum@PxControllerShapeType@3@XZ 0000000180007a10 f i CctBoxController.obj
 0001:00006a30       ?getUpDirection@BoxController@Cct@physx@@UEBA?AVPxVec3@3@XZ 0000000180007a30 f i CctBoxController.obj
 0001:00006a70       ?getUserData@BoxController@Cct@physx@@UEBAPEAXXZ 0000000180007a70 f i CctBoxController.obj
 0001:00006a90       ?lock@?$MutexT@V?$ReflectionAllocator@VMutexImpl@shdfnd@physx@@@shdfnd@physx@@@shdfnd@physx@@QEBAXXZ 0000000180007a90 f i CctBoxController.obj
 0001:00006ac0       ?release@BoxController@Cct@physx@@UEAAXXZ 0000000180007ac0 f i CctBoxController.obj
 0001:00006af0       ?setCenterExtents@physx@@YAXAEAUPxExtendedBounds3@1@AEBUPxExtendedVec3@1@AEBVPxVec3@1@@Z 0000000180007af0 f i CctBoxController.obj
 0001:00006b80       ?setContactOffset@BoxController@Cct@physx@@UEAAXM@Z 0000000180007b80 f i CctBoxController.obj
 0001:00006bc0       ?setNonWalkableMode@BoxController@Cct@physx@@UEAAXW4Enum@PxControllerNonWalkableMode@3@@Z 0000000180007bc0 f i CctBoxController.obj
 0001:00006be0       ?setPosition@BoxController@Cct@physx@@UEAA_NAEBUPxExtendedVec3@3@@Z 0000000180007be0 f i CctBoxController.obj
 0001:00006c20       ?setSlopeLimit@BoxController@Cct@physx@@UEAAXM@Z 0000000180007c20 f i CctBoxController.obj
 0001:00006c60       ?setStepOffset@BoxController@Cct@physx@@UEAAXM@Z 0000000180007c60 f i CctBoxController.obj
 0001:00006ca0       ?setUpDirection@BoxController@Cct@physx@@UEAAXAEBVPxVec3@3@@Z 0000000180007ca0 f i CctBoxController.obj
 0001:00006ce0       ?setUserData@BoxController@Cct@physx@@UEAAXPEAX@Z 0000000180007ce0 f i CctBoxController.obj
 0001:00006d00       ?unlock@?$MutexT@V?$ReflectionAllocator@VMutexImpl@shdfnd@physx@@@shdfnd@physx@@@shdfnd@physx@@QEBAXXZ 0000000180007d00 f i CctBoxController.obj
 0001:00006d30       ??0CapsuleController@Cct@physx@@QEAA@AEBVPxControllerDesc@2@AEAVPxPhysics@2@PEAVPxScene@2@@Z 0000000180007d30 f   CctCapsuleController.obj
 0001:00006e80       ??1CapsuleController@Cct@physx@@UEAA@XZ 0000000180007e80 f   CctCapsuleController.obj
 0001:00006ed0       ?getWorldBox@CapsuleController@Cct@physx@@UEBA_NAEAUPxExtendedBounds3@3@@Z 0000000180007ed0 f   CctCapsuleController.obj
 0001:00006f60       ?setFootPosition@CapsuleController@Cct@physx@@UEAA_NAEBUPxExtendedVec3@3@@Z 0000000180007f60 f   CctCapsuleController.obj
 0001:00007000       ?getFootPosition@CapsuleController@Cct@physx@@UEBA?AUPxExtendedVec3@3@XZ 0000000180008000 f   CctCapsuleController.obj
 0001:000070b0       ?invalidateCache@CapsuleController@Cct@physx@@UEAAXXZ 00000001800080b0 f   CctCapsuleController.obj
 0001:00007130       ?resize@CapsuleController@Cct@physx@@UEAAXM@Z 0000000180008130 f   CctCapsuleController.obj
 0001:00007230       ?getClimbingMode@CapsuleController@Cct@physx@@UEBA?AW4Enum@PxCapsuleClimbingMode@3@XZ 0000000180008230 f   CctCapsuleController.obj
 0001:00007250       ?setRadius@CapsuleController@Cct@physx@@UEAA_NM@Z 0000000180008250 f   CctCapsuleController.obj
 0001:00007360       ?setHeight@CapsuleController@Cct@physx@@UEAA_NM@Z 0000000180008360 f   CctCapsuleController.obj
 0001:00007470       ?setClimbingMode@CapsuleController@Cct@physx@@UEAA_NW4Enum@PxCapsuleClimbingMode@3@@Z 0000000180008470 f   CctCapsuleController.obj
 0001:000074a0       ?getCapsule@CapsuleController@Cct@physx@@QEBAXAEAUPxExtendedCapsule@3@@Z 00000001800084a0 f   CctCapsuleController.obj
 0001:00007830       ??0PxCapsuleController@physx@@IEAA@XZ 0000000180008830 f i CctCapsuleController.obj
 0001:00007870       ??0PxCapsuleGeometry@physx@@QEAA@XZ 0000000180008870 f i CctCapsuleController.obj
 0001:000078c0       ??1PxCapsuleController@physx@@MEAA@XZ 00000001800088c0 f i CctCapsuleController.obj
 0001:000078f0       ??_ECapsuleController@Cct@physx@@W7EAAPEAXI@Z 00000001800088f0 f i CctCapsuleController.obj
 0001:00007900       ??_ECapsuleController@Cct@physx@@UEAAPEAXI@Z 0000000180008900 f i CctCapsuleController.obj
 0001:00007900       ??_GCapsuleController@Cct@physx@@UEAAPEAXI@Z 0000000180008900 f i CctCapsuleController.obj
 0001:00007970       ??_EPxCapsuleController@physx@@MEAAPEAXI@Z 0000000180008970 f i CctCapsuleController.obj
 0001:00007970       ??_GPxCapsuleController@physx@@MEAAPEAXI@Z 0000000180008970 f i CctCapsuleController.obj
 0001:000079c0       ?getActor@CapsuleController@Cct@physx@@UEBAPEAVPxRigidDynamic@3@XZ 00000001800089c0 f i CctCapsuleController.obj
 0001:000079e0       ?getContactOffset@CapsuleController@Cct@physx@@UEBAMXZ 00000001800089e0 f i CctCapsuleController.obj
 0001:00007a00       ?getHalfHeightInternal@CapsuleController@Cct@physx@@UEBAMXZ 0000000180008a00 f i CctCapsuleController.obj
 0001:00007a40       ?getHeight@CapsuleController@Cct@physx@@UEBAMXZ 0000000180008a40 f i CctCapsuleController.obj
 0001:00007a60       ?getNonWalkableMode@CapsuleController@Cct@physx@@UEBA?AW4Enum@PxControllerNonWalkableMode@3@XZ 0000000180008a60 f i CctCapsuleController.obj
 0001:00007a80       ?getPosition@CapsuleController@Cct@physx@@UEBAAEBUPxExtendedVec3@3@XZ 0000000180008a80 f i CctCapsuleController.obj
 0001:00007aa0       ?getPxController@CapsuleController@Cct@physx@@UEAAPEAVPxController@3@XZ 0000000180008aa0 f i CctCapsuleController.obj
 0001:00007ac0       ?getRadius@CapsuleController@Cct@physx@@UEBAMXZ 0000000180008ac0 f i CctCapsuleController.obj
 0001:00007ae0       ?getScene@CapsuleController@Cct@physx@@UEAAPEAVPxScene@3@XZ 0000000180008ae0 f i CctCapsuleController.obj
 0001:00007b00       ?getSlopeLimit@CapsuleController@Cct@physx@@UEBAMXZ 0000000180008b00 f i CctCapsuleController.obj
 0001:00007b20       ?getState@CapsuleController@Cct@physx@@UEBAXAEAUPxControllerState@3@@Z 0000000180008b20 f i CctCapsuleController.obj
 0001:00007b60       ?getStats@CapsuleController@Cct@physx@@UEBAXAEAUPxControllerStats@3@@Z 0000000180008b60 f i CctCapsuleController.obj
 0001:00007ba0       ?getStepOffset@CapsuleController@Cct@physx@@UEBAMXZ 0000000180008ba0 f i CctCapsuleController.obj
 0001:00007bc0       ?getType@CapsuleController@Cct@physx@@UEBA?AW4Enum@PxControllerShapeType@3@XZ 0000000180008bc0 f i CctCapsuleController.obj
 0001:00007be0       ?getUpDirection@CapsuleController@Cct@physx@@UEBA?AVPxVec3@3@XZ 0000000180008be0 f i CctCapsuleController.obj
 0001:00007c20       ?getUserData@CapsuleController@Cct@physx@@UEBAPEAXXZ 0000000180008c20 f i CctCapsuleController.obj
 0001:00007c40       ?release@CapsuleController@Cct@physx@@UEAAXXZ 0000000180008c40 f i CctCapsuleController.obj
 0001:00007c70       ?setContactOffset@CapsuleController@Cct@physx@@UEAAXM@Z 0000000180008c70 f i CctCapsuleController.obj
 0001:00007cb0       ?setNonWalkableMode@CapsuleController@Cct@physx@@UEAAXW4Enum@PxControllerNonWalkableMode@3@@Z 0000000180008cb0 f i CctCapsuleController.obj
 0001:00007cd0       ?setPosition@CapsuleController@Cct@physx@@UEAA_NAEBUPxExtendedVec3@3@@Z 0000000180008cd0 f i CctCapsuleController.obj
 0001:00007d10       ?setSlopeLimit@CapsuleController@Cct@physx@@UEAAXM@Z 0000000180008d10 f i CctCapsuleController.obj
 0001:00007d50       ?setStepOffset@CapsuleController@Cct@physx@@UEAAXM@Z 0000000180008d50 f i CctCapsuleController.obj
 0001:00007d90       ?setUpDirection@CapsuleController@Cct@physx@@UEAAXAEBVPxVec3@3@@Z 0000000180008d90 f i CctCapsuleController.obj
 0001:00007dd0       ?setUserData@CapsuleController@Cct@physx@@UEAAXPEAX@Z 0000000180008dd0 f i CctCapsuleController.obj
 0001:00007df0       ??0CCTParams@Cct@physx@@QEAA@XZ 0000000180008df0 f   CctCharacterController.obj
 0001:00007ec0       ??0SweepTest@Cct@physx@@QEAA@_N@Z 0000000180008ec0 f   CctCharacterController.obj
 0001:000082f0       ??1SweepTest@Cct@physx@@QEAA@XZ 00000001800092f0 f   CctCharacterController.obj
 0001:00008370       ?moveCharacter@SweepTest@Cct@physx@@QEAA?AV?$PxFlags@W4Enum@PxControllerCollisionFlag@physx@@E@3@PEBUInternalCBData_FindTouchedGeom@23@PEAUInternalCBData_OnHit@23@AEAVSweptVolume@23@AEBVPxVec3@3@AEBUUserObstacles@23@MAEBVPxControllerFilters@3@_N6AEAPEBVPxRigidActor@3@AEAPEBVPxShape@3@_K@Z 0000000180009370 f   CctCharacterController.obj
 0001:000092b0       ?doSweepTest@SweepTest@Cct@physx@@QEAA_NPEBUInternalCBData_FindTouchedGeom@23@PEAUInternalCBData_OnHit@23@AEBUUserObstacles@23@AEAVSweptVolume@23@AEBVPxVec3@3@4IPEAIMAEBVPxControllerFilters@3@W4SweepPass@23@AEAPEBVPxRigidActor@3@AEAPEBVPxShape@3@_K@Z 000000018000a2b0 f   CctCharacterController.obj
 0001:0000a0c0       ?findTouchedObstacles@SweepTest@Cct@physx@@QEAAXAEBUUserObstacles@23@AEBUPxExtendedBounds3@3@@Z 000000018000b0c0 f   CctCharacterController.obj
 0001:0000a720       ?voidTestCache@SweepTest@Cct@physx@@QEAAXXZ 000000018000b720 f   CctCharacterController.obj
 0001:0000a780       ?onRelease@SweepTest@Cct@physx@@QEAAXAEBVPxBase@3@@Z 000000018000b780 f   CctCharacterController.obj
 0001:0000a850       ?updateCachedShapesRegistration@SweepTest@Cct@physx@@QEAAXI_N@Z 000000018000b850 f   CctCharacterController.obj
 0001:0000a9f0       ?onObstacleRemoved@SweepTest@Cct@physx@@QEAAXI@Z 000000018000b9f0 f   CctCharacterController.obj
 0001:0000aa20       ?onObstacleUpdated@SweepTest@Cct@physx@@QEAAXIPEBVPxObstacleContext@3@AEBVPxVec3@3@1M@Z 000000018000ba20 f   CctCharacterController.obj
 0001:0000ac10       ?onObstacleAdded@SweepTest@Cct@physx@@QEAAXIPEBVPxObstacleContext@3@AEBVPxVec3@3@1M@Z 000000018000bc10 f   CctCharacterController.obj
 0001:0000ae30       ?onOriginShift@SweepTest@Cct@physx@@QEAAXAEBVPxVec3@3@@Z 000000018000be30 f   CctCharacterController.obj
 0001:0000afb0       ?updateTouchedGeoms@SweepTest@Cct@physx@@AEAAXPEBUInternalCBData_FindTouchedGeom@23@AEBUUserObstacles@23@AEBUPxExtendedBounds3@3@AEBVPxControllerFilters@3@AEBVPxVec3@3@@Z 000000018000bfb0 f   CctCharacterController.obj
 0001:0000b950       ?findTouchedObject@Controller@Cct@physx@@IEAAXAEBVPxControllerFilters@3@PEBVPxObstacleContext@3@AEBVPxVec3@3@@Z 000000018000c950 f   CctCharacterController.obj
 0001:0000c1c0       ?rideOnTouchedObject@Controller@Cct@physx@@IEAA_NAEAVSweptVolume@23@AEBVPxVec3@3@AEAV53@PEBVPxObstacleContext@3@@Z 000000018000d1c0 f   CctCharacterController.obj
 0001:0000c840       ?move@Controller@Cct@physx@@IEAA?AV?$PxFlags@W4Enum@PxControllerCollisionFlag@physx@@E@3@AEAVSweptVolume@23@AEBVPxVec3@3@MMAEBVPxControllerFilters@3@PEBVPxObstacleContext@3@_N@Z 000000018000d840 f   CctCharacterController.obj
 0001:0000df80       ?filterTouchedShape@Controller@Cct@physx@@IEAA_NAEBVPxControllerFilters@3@@Z 000000018000ef80 f   CctCharacterController.obj
 0001:00011640       ?move@BoxController@Cct@physx@@UEAA?AV?$PxFlags@W4Enum@PxControllerCollisionFlag@physx@@E@3@AEBVPxVec3@3@MMAEBVPxControllerFilters@3@PEBVPxObstacleContext@3@@Z 0000000180012640 f   CctCharacterController.obj
 0001:000117c0       ?move@CapsuleController@Cct@physx@@UEAA?AV?$PxFlags@W4Enum@PxControllerCollisionFlag@physx@@E@3@AEBVPxVec3@3@MMAEBVPxControllerFilters@3@PEBVPxObstacleContext@3@@Z 00000001800127c0 f   CctCharacterController.obj
 0001:00014040       ??$PX_UNUSED@I@@YAXAEBI@Z  0000000180015040 f i CctCharacterController.obj
 0001:00014050       ??$PX_UNUSED@PEBUPxRaycastHit@physx@@@@YAXAEBQEBUPxRaycastHit@physx@@@Z 0000000180015050 f i CctCharacterController.obj
 0001:00014060       ??$PX_UNUSED@W4PxIDENTITY@physx@@@@YAXAEBW4PxIDENTITY@physx@@@Z 0000000180015060 f i CctCharacterController.obj
 0001:00014070       ??$PX_UNUSED@_K@@YAXAEB_K@Z 0000000180015070 f i CctCharacterController.obj
 0001:00014080       ??$PxMax@I@physx@@YAIII@Z  0000000180015080 f i CctCharacterController.obj
 0001:000140c0       ??$PxMax@N@physx@@YANNN@Z  00000001800150c0 f i CctCharacterController.obj
 0001:00014110       ??$PxMin@N@physx@@YANNN@Z  0000000180015110 f i CctCharacterController.obj
 0001:00014160       ??$PxUnionCast@PEBVPxGeometry@physx@@PEAY03$$CBE@physx@@YAPEBVPxGeometry@0@PEAY03$$CBE@Z 0000000180015160 f i CctCharacterController.obj
 0001:00014190       ??0?$Array@IVNamedAllocator@shdfnd@physx@@@shdfnd@physx@@QEAA@AEBVNamedAllocator@12@@Z 0000000180015190 f i CctCharacterController.obj
 0001:000141f0       ??0?$Array@VPxTriangle@physx@@VNamedAllocator@shdfnd@2@@shdfnd@physx@@QEAA@AEBVNamedAllocator@12@@Z 00000001800151f0 f i CctCharacterController.obj
 0001:00014250       ??0?$PxFlags@W4Enum@PxControllerCollisionFlag@physx@@E@physx@@QEAA@AEBV01@@Z 0000000180015250 f i CctCharacterController.obj
 0001:00014280       ??0?$PxFlags@W4Enum@PxControllerCollisionFlag@physx@@E@physx@@QEAA@E@Z 0000000180015280 f i CctCharacterController.obj
 0001:000142b0       ??0?$PxFlags@W4Enum@PxHitFlag@physx@@G@physx@@QEAA@AEBV01@@Z 00000001800152b0 f i CctCharacterController.obj
 0001:000142e0       ??0?$PxFlags@W4Enum@PxHitFlag@physx@@G@physx@@QEAA@G@Z 00000001800152e0 f i CctCharacterController.obj
 0001:00014310       ??0?$PxFlags@W4Enum@PxHitFlag@physx@@G@physx@@QEAA@W4Enum@PxHitFlag@1@@Z 0000000180015310 f i CctCharacterController.obj
 0001:00014340       ??0?$PxFlags@W4Enum@PxQueryFlag@physx@@G@physx@@QEAA@AEBV01@@Z 0000000180015340 f i CctCharacterController.obj
 0001:00014370       ??0?$PxFlags@W4Enum@PxQueryFlag@physx@@G@physx@@QEAA@W4Enum@PxQueryFlag@1@@Z 0000000180015370 f i CctCharacterController.obj
 0001:000143a0       ??0?$PxFlags@W4Enum@PxQueryFlag@physx@@G@physx@@QEAA@XZ 00000001800153a0 f i CctCharacterController.obj
 0001:000143c0       ??0?$PxFlags@W4Enum@PxRigidBodyFlag@physx@@E@physx@@QEAA@AEBV01@@Z 00000001800153c0 f i CctCharacterController.obj
 0001:000143f0       ??0?$PxFlags@W4Enum@PxShapeFlag@physx@@E@physx@@QEAA@AEBV01@@Z 00000001800153f0 f i CctCharacterController.obj
 0001:00014420       ??0?$PxHitBuffer@UPxRaycastHit@physx@@@physx@@QEAA@PEAUPxRaycastHit@1@I@Z 0000000180015420 f i CctCharacterController.obj
 0001:00014470       ??0?$PxHitCallback@UPxRaycastHit@physx@@@physx@@QEAA@PEAUPxRaycastHit@1@I@Z 0000000180015470 f i CctCharacterController.obj
 0001:00014500       ??0?$TouchedObject@VPxRigidActor@physx@@@Cct@physx@@QEAA@_N@Z 0000000180015500 f i CctCharacterController.obj
 0001:00014550       ??0?$TouchedObject@VPxShape@physx@@@Cct@physx@@QEAA@_N@Z 0000000180015550 f i CctCharacterController.obj
 0001:000145a0       ??0AB@?1???$PxUnionCast@PEBVPxGeometry@physx@@PEAY03$$CBE@physx@@YAPEBVPxGeometry@1@PEAY03$$CBE@Z@QEAA@0@Z 00000001800155a0 f i CctCharacterController.obj
 0001:000145d0       ??0CCTFilter@Cct@physx@@QEAA@XZ 00000001800155d0 f i CctCharacterController.obj
 0001:00014640       ??0ControllerFilter@@QEAA@XZ 0000000180015640 f i CctCharacterController.obj
 0001:00014690       ??0DebugBox@Cm@physx@@QEAA@AEBVPxBounds3@2@_N@Z 0000000180015690 f i CctCharacterController.obj
 0001:00014700       ??0DebugBox@Cm@physx@@QEAA@AEBVPxVec3@2@_N@Z 0000000180015700 f i CctCharacterController.obj
 0001:00014770       ??0PxActorShape@physx@@QEAA@XZ 0000000180015770 f i CctCharacterController.obj
 0001:000147a0       ??0PxBounds3@physx@@QEAA@AEBVPxVec3@1@0@Z 00000001800157a0 f i CctCharacterController.obj
 0001:00014800       ??0PxBoxGeometry@physx@@QEAA@VPxVec3@1@@Z 0000000180015800 f i CctCharacterController.obj
 0001:00014850       ??0PxCapsuleGeometry@physx@@QEAA@MM@Z 0000000180015850 f i CctCharacterController.obj
 0001:000148c0       ??0PxExtendedBox@physx@@QEAA@AEBV01@@Z 00000001800158c0 f i CctCharacterController.obj
 0001:00014940       ??0PxExtendedBox@physx@@QEAA@XZ 0000000180015940 f i CctCharacterController.obj
 0001:000149a0       ??0PxExtendedCapsule@physx@@QEAA@XZ 00000001800159a0 f i CctCharacterController.obj
 0001:000149d0       ??0PxExtendedSegment@physx@@QEAA@XZ 00000001800159d0 f i CctCharacterController.obj
 0001:00014a10       ??0PxFilterData@physx@@QEAA@AEBU01@@Z 0000000180015a10 f i CctCharacterController.obj
 0001:00014a80       ??0PxFilterData@physx@@QEAA@XZ 0000000180015a80 f i CctCharacterController.obj
 0001:00014ad0       ??0PxLocationHit@physx@@QEAA@XZ 0000000180015ad0 f i CctCharacterController.obj
 0001:00014b60       ??0PxMat33@physx@@QEAA@AEBVPxQuat@1@@Z 0000000180015b60 f i CctCharacterController.obj
 0001:00014ea0       ??0PxMat33@physx@@QEAA@W4PxIDENTITY@1@@Z 0000000180015ea0 f i CctCharacterController.obj
 0001:00014f40       ??0PxMat44@physx@@QEAA@AEBVPxMat33@1@AEBVPxVec3@1@@Z 0000000180015f40 f i CctCharacterController.obj
 0001:00014ff0       ??0PxMat44@physx@@QEAA@AEBVPxTransform@1@@Z 0000000180015ff0 f i CctCharacterController.obj
 0001:000150e0       ??0PxProfileScoped@physx@@QEAA@PEBD_N_K@Z 00000001800160e0 f i CctCharacterController.obj
 0001:000151b0       ??0PxQuat@physx@@QEAA@AEBV01@@Z 00000001800161b0 f i CctCharacterController.obj
 0001:00015230       ??0PxQuat@physx@@QEAA@MMMM@Z 0000000180016230 f i CctCharacterController.obj
 0001:000152b0       ??0PxQuat@physx@@QEAA@W4PxIDENTITY@1@@Z 00000001800162b0 f i CctCharacterController.obj
 0001:00015320       ??0PxQuat@physx@@QEAA@XZ   0000000180016320 f i CctCharacterController.obj
 0001:00015330       ??0PxQueryFilterCallback@physx@@QEAA@XZ 0000000180016330 f i CctCharacterController.obj
 0001:00015350       ??0PxQueryFilterData@physx@@QEAA@AEBUPxFilterData@1@V?$PxFlags@W4Enum@PxQueryFlag@physx@@G@1@@Z 0000000180016350 f i CctCharacterController.obj
 0001:000153c0       ??0PxQueryHit@physx@@QEAA@XZ 00000001800163c0 f i CctCharacterController.obj
 0001:00015400       ??0PxRaycastHit@physx@@QEAA@XZ 0000000180016400 f i CctCharacterController.obj
 0001:00015450       ??0PxSphereGeometry@physx@@QEAA@XZ 0000000180016450 f i CctCharacterController.obj
 0001:00015490       ??0PxSweepHit@physx@@QEAA@XZ 0000000180016490 f i CctCharacterController.obj
 0001:000154c0       ??0PxTransform@physx@@QEAA@AEBVPxVec3@1@AEBVPxQuat@1@@Z 00000001800164c0 f i CctCharacterController.obj
 0001:00015590       ??0PxTransform@physx@@QEAA@XZ 0000000180016590 f i CctCharacterController.obj
 0001:000155d0       ??0PxVec3@physx@@QEAA@M@Z  00000001800165d0 f i CctCharacterController.obj
 0001:00015620       ??0PxVec3@physx@@QEAA@XZ   0000000180016620 f i CctCharacterController.obj
 0001:00015630       ??0PxVec4@physx@@QEAA@AEBVPxVec3@1@M@Z 0000000180016630 f i CctCharacterController.obj
 0001:000156b0       ??0PxVec4@physx@@QEAA@XZ   00000001800166b0 f i CctCharacterController.obj
 0001:000156c0       ??0SIMDGuard@shdfnd@physx@@QEAA@XZ 00000001800166c0 f i CctCharacterController.obj
 0001:00015700       ??0SweptContact@Cct@physx@@QEAA@XZ 0000000180016700 f i CctCharacterController.obj
 0001:00015740       ??0TriArray@Cct@physx@@QEAA@XZ 0000000180016740 f i CctCharacterController.obj
 0001:00015790       ??1?$Array@IVNamedAllocator@shdfnd@physx@@@shdfnd@physx@@QEAA@XZ 0000000180016790 f i CctCharacterController.obj
 0001:00015820       ??1?$Array@VPxTriangle@physx@@VNamedAllocator@shdfnd@2@@shdfnd@physx@@QEAA@XZ 0000000180016820 f i CctCharacterController.obj
 0001:000158b0       ??1?$PxHitBuffer@UPxRaycastHit@physx@@@physx@@UEAA@XZ 00000001800168b0 f i CctCharacterController.obj
 0001:000158e0       ??1?$PxHitCallback@UPxRaycastHit@physx@@@physx@@UEAA@XZ 00000001800168e0 f i CctCharacterController.obj
 0001:00015900       ??1ControllerFilter@@UEAA@XZ 0000000180016900 f i CctCharacterController.obj
 0001:00015920       ??1PxExtendedBox@physx@@QEAA@XZ 0000000180016920 f i CctCharacterController.obj
 0001:00015930       ??1PxProfileScoped@physx@@QEAA@XZ 0000000180016930 f i CctCharacterController.obj
 0001:000159a0       ??1PxQueryFilterCallback@physx@@UEAA@XZ 00000001800169a0 f i CctCharacterController.obj
 0001:000159c0       ??1PxTriangle@physx@@QEAA@XZ 00000001800169c0 f i CctCharacterController.obj
 0001:000159d0       ??1SIMDGuard@shdfnd@physx@@QEAA@XZ 00000001800169d0 f i CctCharacterController.obj
 0001:00015a00       ??1TriArray@Cct@physx@@QEAA@XZ 0000000180016a00 f i CctCharacterController.obj
 0001:00015a20       ??2@YAPEAX_KPEAX@Z         0000000180016a20 f i CctCharacterController.obj
 0001:00015a40       ??4?$PxFlags@W4Enum@PxControllerCollisionFlag@physx@@E@physx@@QEAAAEAV01@AEBV01@@Z 0000000180016a40 f i CctCharacterController.obj
 0001:00015a70       ??4?$PxFlags@W4Enum@PxHitFlag@physx@@G@physx@@QEAAAEAV01@AEBV01@@Z 0000000180016a70 f i CctCharacterController.obj
 0001:00015aa0       ??4?$PxFlags@W4Enum@PxQueryFlag@physx@@G@physx@@QEAAAEAV01@AEBV01@@Z 0000000180016aa0 f i CctCharacterController.obj
 0001:00015ad0       ??4?$TouchedObject@VPxRigidActor@physx@@@Cct@physx@@QEAAAEAU012@PEBVPxRigidActor@2@@Z 0000000180016ad0 f i CctCharacterController.obj
 0001:00015b70       ??4?$TouchedObject@VPxShape@physx@@@Cct@physx@@QEAAAEAU012@PEBVPxShape@2@@Z 0000000180016b70 f i CctCharacterController.obj
 0001:00015c10       ??4CCTParams@Cct@physx@@QEAAAEAU012@AEBU012@@Z 0000000180016c10 f i CctCharacterController.obj
 0001:00015d80       ??4FPUGuard@shdfnd@physx@@QEAAAEAV012@AEBV012@@Z 0000000180016d80 f i CctCharacterController.obj
 0001:00015db0       ??4PxExtendedBox@physx@@QEAAAEAV01@AEBV01@@Z 0000000180016db0 f i CctCharacterController.obj
 0001:00015e30       ??4PxLocationHit@physx@@QEAAAEAU01@AEBU01@@Z 0000000180016e30 f i CctCharacterController.obj
 0001:00015ef0       ??4PxMat44@physx@@QEAAAEAV01@AEBV01@@Z 0000000180016ef0 f i CctCharacterController.obj
 0001:00015f90       ??4PxRaycastHit@physx@@QEAAAEAU01@AEBU01@@Z 0000000180016f90 f i CctCharacterController.obj
 0001:00016000       ??4PxTransform@physx@@QEAAAEAV01@$$QEAV01@@Z 0000000180017000 f i CctCharacterController.obj
 0001:00016060       ??4PxVec4@physx@@QEAAAEAV01@AEBV01@@Z 0000000180017060 f i CctCharacterController.obj
 0001:000160e0       ??4SweptContact@Cct@physx@@QEAAAEAU012@AEBU012@@Z 00000001800170e0 f i CctCharacterController.obj
 0001:00016190       ??8?$TouchedObject@VPxRigidActor@physx@@@Cct@physx@@QEAA_NPEBVPxBase@2@@Z 0000000180017190 f i CctCharacterController.obj
 0001:000161e0       ??8?$TouchedObject@VPxShape@physx@@@Cct@physx@@QEAA_NPEBVPxBase@2@@Z 00000001800171e0 f i CctCharacterController.obj
 0001:00016230       ??8?$TouchedObject@VPxShape@physx@@@Cct@physx@@QEAA_NPEBVPxShape@2@@Z 0000000180017230 f i CctCharacterController.obj
 0001:00016280       ??A?$Array@IVNamedAllocator@shdfnd@physx@@@shdfnd@physx@@QEAAAEAII@Z 0000000180017280 f i CctCharacterController.obj
 0001:00016320       ??A?$Array@IVNamedAllocator@shdfnd@physx@@@shdfnd@physx@@QEBAAEBII@Z 0000000180017320 f i CctCharacterController.obj
 0001:000163c0       ??A?$Array@UInternalBoxObstacle@ObstacleContext@Cct@physx@@VNamedAllocator@shdfnd@4@@shdfnd@physx@@QEBAAEBUInternalBoxObstacle@ObstacleContext@Cct@2@I@Z 00000001800173c0 f i CctCharacterController.obj
 0001:00016460       ??A?$Array@UInternalCapsuleObstacle@ObstacleContext@Cct@physx@@VNamedAllocator@shdfnd@4@@shdfnd@physx@@QEBAAEBUInternalCapsuleObstacle@ObstacleContext@Cct@2@I@Z 0000000180017460 f i CctCharacterController.obj
 0001:00016500       ??A?$Array@VPxTriangle@physx@@VNamedAllocator@shdfnd@2@@shdfnd@physx@@QEBAAEBVPxTriangle@2@I@Z 0000000180017500 f i CctCharacterController.obj
 0001:000165a0       ??B?$PxFlags@W4Enum@PxControllerBehaviorFlag@physx@@E@physx@@QEBAIXZ 00000001800175a0 f i CctCharacterController.obj
 0001:000165c0       ??B?$PxFlags@W4Enum@PxControllerDebugRenderFlag@physx@@I@physx@@QEBAIXZ 00000001800175c0 f i CctCharacterController.obj
 0001:000165d0       ??B?$PxFlags@W4Enum@PxQueryFlag@physx@@G@physx@@QEBA_NXZ 00000001800175d0 f i CctCharacterController.obj
 0001:00016610       ??B?$PxFlags@W4Enum@PxRigidBodyFlag@physx@@E@physx@@QEBA_NXZ 0000000180017610 f i CctCharacterController.obj
 0001:00016650       ??B?$PxFlags@W4Enum@PxShapeFlag@physx@@E@physx@@QEBA_NXZ 0000000180017650 f i CctCharacterController.obj
 0001:00016690       ??B?$TouchedObject@VPxRigidActor@physx@@@Cct@physx@@QEBA_NXZ 0000000180017690 f i CctCharacterController.obj
 0001:000166d0       ??B?$TouchedObject@VPxShape@physx@@@Cct@physx@@QEBA_NXZ 00000001800176d0 f i CctCharacterController.obj
 0001:00016710       ??C?$TouchedObject@VPxRigidActor@physx@@@Cct@physx@@QEBAPEBVPxRigidActor@2@XZ 0000000180017710 f i CctCharacterController.obj
 0001:00016730       ??C?$TouchedObject@VPxShape@physx@@@Cct@physx@@QEBAPEBVPxShape@2@XZ 0000000180017730 f i CctCharacterController.obj
 0001:00016750       ??DPxQuat@physx@@QEBA?AV01@AEBV01@@Z 0000000180017750 f i CctCharacterController.obj
 0001:00016960       ??DPxTransform@physx@@QEBA?AV01@AEBV01@@Z 0000000180017960 f i CctCharacterController.obj
 0001:00016a10       ??GPxVec3@physx@@QEBA?AV01@AEBV01@@Z 0000000180017a10 f i CctCharacterController.obj
 0001:00016ab0       ??GPxVec3@physx@@QEBA?AV01@XZ 0000000180017ab0 f i CctCharacterController.obj
 0001:00016b40       ??HPxVec3@physx@@QEBA?AV01@AEBV01@@Z 0000000180017b40 f i CctCharacterController.obj
 0001:00016be0       ??I?$PxFlags@W4Enum@PxQueryFlag@physx@@G@physx@@QEBA?AV01@W4Enum@PxQueryFlag@1@@Z 0000000180017be0 f i CctCharacterController.obj
 0001:00016c50       ??I?$PxFlags@W4Enum@PxRigidBodyFlag@physx@@E@physx@@QEBA?AV01@W4Enum@PxRigidBodyFlag@1@@Z 0000000180017c50 f i CctCharacterController.obj
 0001:00016cb0       ??I?$PxFlags@W4Enum@PxShapeFlag@physx@@E@physx@@QEBA?AV01@W4Enum@PxShapeFlag@1@@Z 0000000180017cb0 f i CctCharacterController.obj
 0001:00016d10       ??R?$Hash@PEAVPxShape@physx@@@shdfnd@physx@@QEBAIAEBQEAVPxShape@2@@Z 0000000180017d10 f i CctCharacterController.obj
 0001:00016d40       ??RGetKey@?$HashSetBase@PEAVPxShape@physx@@U?$Hash@PEAVPxShape@physx@@@shdfnd@2@VNonTrackingAllocator@42@$0A@@internal@shdfnd@physx@@QEAAAEBQEAVPxShape@4@AEBQEAV54@@Z 0000000180017d40 f i CctCharacterController.obj
 0001:00016d60       ??U?$PxFlags@W4Enum@PxQueryFlag@physx@@G@physx@@QEBA?AV01@W4Enum@PxQueryFlag@1@@Z 0000000180017d60 f i CctCharacterController.obj
 0001:00016dc0       ??Uphysx@@YA?AV?$PxFlags@W4Enum@PxQueryFlag@physx@@G@0@W4Enum@PxQueryFlag@0@0@Z 0000000180017dc0 f i CctCharacterController.obj
 0001:00016e20       ??YPxVec3@physx@@QEAAAEAV01@AEBV01@@Z 0000000180017e20 f i CctCharacterController.obj
 0001:00016ea0       ??ZPxVec3@physx@@QEAAAEAV01@AEBV01@@Z 0000000180017ea0 f i CctCharacterController.obj
 0001:00016f20       ??_0PxVec3@physx@@QEAAAEAV01@M@Z 0000000180017f20 f i CctCharacterController.obj
 0001:00016fb0       ??_5?$PxFlags@W4Enum@PxControllerCollisionFlag@physx@@E@physx@@QEAAAEAV01@W4Enum@PxControllerCollisionFlag@1@@Z 0000000180017fb0 f i CctCharacterController.obj
 0001:00016fe0       ??_5?$PxFlags@W4Enum@PxHitFlag@physx@@G@physx@@QEAAAEAV01@W4Enum@PxHitFlag@1@@Z 0000000180017fe0 f i CctCharacterController.obj
 0001:00017020       ??_5?$PxFlags@W4Enum@PxQueryFlag@physx@@G@physx@@QEAAAEAV01@W4Enum@PxQueryFlag@1@@Z 0000000180018020 f i CctCharacterController.obj
 0001:00017060       ??_G?$PxHitBuffer@UPxRaycastHit@physx@@@physx@@UEAAPEAXI@Z 0000000180018060 f i CctCharacterController.obj
 0001:00017060       ??_E?$PxHitBuffer@UPxRaycastHit@physx@@@physx@@UEAAPEAXI@Z 0000000180018060 f i CctCharacterController.obj
 0001:000170b0       ??_G?$PxHitCallback@UPxRaycastHit@physx@@@physx@@UEAAPEAXI@Z 00000001800180b0 f i CctCharacterController.obj
 0001:000170b0       ??_E?$PxHitCallback@UPxRaycastHit@physx@@@physx@@UEAAPEAXI@Z 00000001800180b0 f i CctCharacterController.obj
 0001:00017100       ??_GControllerFilter@@UEAAPEAXI@Z 0000000180018100 f i CctCharacterController.obj
 0001:00017100       ??_EControllerFilter@@UEAAPEAXI@Z 0000000180018100 f i CctCharacterController.obj
 0001:00017150       ??_GPxExtendedBox@physx@@QEAAPEAXI@Z 0000000180018150 f i CctCharacterController.obj
 0001:000171a0       ??_EPxQueryFilterCallback@physx@@UEAAPEAXI@Z 00000001800181a0 f i CctCharacterController.obj
 0001:000171a0       ??_GPxQueryFilterCallback@physx@@UEAAPEAXI@Z 00000001800181a0 f i CctCharacterController.obj
 0001:000171f0       ??_GPxTriangle@physx@@QEAAPEAXI@Z 00000001800181f0 f i CctCharacterController.obj
 0001:00017240       ?PxAbs@physx@@YAMM@Z       0000000180018240 f i CctCharacterController.obj
 0001:00017260       ?PxIsFinite@physx@@YA_NM@Z 0000000180018260 f i CctCharacterController.obj
 0001:00017280       ?PxRecipSqrt@physx@@YAMM@Z 0000000180018280 f i CctCharacterController.obj
 0001:000172a0       ?PxSqrt@physx@@YAMM@Z      00000001800182a0 f i CctCharacterController.obj
 0001:000172c0       ?abs@intrinsics@physx@@YAMM@Z 00000001800182c0 f i CctCharacterController.obj
 0001:000172e0       ?add@physx@@YAXAEAUPxExtendedBounds3@1@AEBU21@@Z 00000001800182e0 f i CctCharacterController.obj
 0001:00017330       ?allocate@?$Array@IVNamedAllocator@shdfnd@physx@@@shdfnd@physx@@IEAAPEAII@Z 0000000180018330 f i CctCharacterController.obj
 0001:000173e0       ?allocate@?$Array@PEBXVNamedAllocator@shdfnd@physx@@@shdfnd@physx@@IEAAPEAPEBXI@Z 00000001800183e0 f i CctCharacterController.obj
 0001:00017490       ?allocate@?$Array@UPxExtendedCapsule@physx@@VNamedAllocator@shdfnd@2@@shdfnd@physx@@IEAAPEAUPxExtendedCapsule@3@I@Z 0000000180018490 f i CctCharacterController.obj
 0001:00017540       ?allocate@?$Array@VPxExtendedBox@physx@@VNamedAllocator@shdfnd@2@@shdfnd@physx@@IEAAPEAVPxExtendedBox@3@I@Z 0000000180018540 f i CctCharacterController.obj
 0001:000175f0       ?any@PxGeometryHolder@physx@@QEBAAEBVPxGeometry@2@XZ 00000001800185f0 f i CctCharacterController.obj
 0001:00017620       ?begin@?$Array@IVNamedAllocator@shdfnd@physx@@@shdfnd@physx@@QEAAPEAIXZ 0000000180018620 f i CctCharacterController.obj
 0001:00017640       ?begin@?$Array@IVNamedAllocator@shdfnd@physx@@@shdfnd@physx@@QEBAPEBIXZ 0000000180018640 f i CctCharacterController.obj
 0001:00017660       ?begin@?$Array@PEBXVNamedAllocator@shdfnd@physx@@@shdfnd@physx@@QEAAPEAPEBXXZ 0000000180018660 f i CctCharacterController.obj
 0001:00017680       ?begin@?$Array@UPxExtendedCapsule@physx@@VNamedAllocator@shdfnd@2@@shdfnd@physx@@QEAAPEAUPxExtendedCapsule@3@XZ 0000000180018680 f i CctCharacterController.obj
 0001:000176a0       ?begin@?$Array@VPxExtendedBox@physx@@VNamedAllocator@shdfnd@2@@shdfnd@physx@@QEAAPEAVPxExtendedBox@3@XZ 00000001800186a0 f i CctCharacterController.obj
 0001:000176c0       ?capacity@?$Array@IVNamedAllocator@shdfnd@physx@@@shdfnd@physx@@QEBAIXZ 00000001800186c0 f i CctCharacterController.obj
 0001:000176e0       ?capacity@?$Array@PEBXVNamedAllocator@shdfnd@physx@@@shdfnd@physx@@QEBAIXZ 00000001800186e0 f i CctCharacterController.obj
 0001:00017700       ?capacity@?$Array@UPxExtendedCapsule@physx@@VNamedAllocator@shdfnd@2@@shdfnd@physx@@QEBAIXZ 0000000180018700 f i CctCharacterController.obj
 0001:00017720       ?capacity@?$Array@VPxExtendedBox@physx@@VNamedAllocator@shdfnd@2@@shdfnd@physx@@QEBAIXZ 0000000180018720 f i CctCharacterController.obj
 0001:00017740       ?capacity@?$Array@VPxTriangle@physx@@VNamedAllocator@shdfnd@2@@shdfnd@physx@@QEBAIXZ 0000000180018740 f i CctCharacterController.obj
 0001:00017760       ?capacityIncrement@?$Array@PEBXVNamedAllocator@shdfnd@physx@@@shdfnd@physx@@IEBAIXZ 0000000180018760 f i CctCharacterController.obj
 0001:000177b0       ?capacityIncrement@?$Array@UPxExtendedCapsule@physx@@VNamedAllocator@shdfnd@2@@shdfnd@physx@@IEBAIXZ 00000001800187b0 f i CctCharacterController.obj
 0001:00017800       ?capacityIncrement@?$Array@VPxExtendedBox@physx@@VNamedAllocator@shdfnd@2@@shdfnd@physx@@IEBAIXZ 0000000180018800 f i CctCharacterController.obj
 0001:00017850       ?clear@?$Array@IVNamedAllocator@shdfnd@physx@@@shdfnd@physx@@QEAAXXZ 0000000180018850 f i CctCharacterController.obj
 0001:000178a0       ?clear@?$Array@VPxTriangle@physx@@VNamedAllocator@shdfnd@2@@shdfnd@physx@@QEAAXXZ 00000001800188a0 f i CctCharacterController.obj
 0001:000178f0       ?clear@TriArray@Cct@physx@@QEAAXXZ 00000001800188f0 f i CctCharacterController.obj
 0001:00017910       ?computeTimeCoeff@Controller@Cct@physx@@IEAAMXZ 0000000180018910 f i CctCharacterController.obj
 0001:00017980       ?contains@?$HashSetBase@PEAVPxShape@physx@@U?$Hash@PEAVPxShape@physx@@@shdfnd@2@VNonTrackingAllocator@42@$0A@@internal@shdfnd@physx@@QEBA_NAEBQEAVPxShape@4@@Z 0000000180018980 f i CctCharacterController.obj
 0001:000179e0       ?copy@?$Array@IVNamedAllocator@shdfnd@physx@@@shdfnd@physx@@KAXPEAI0PEBI@Z 00000001800189e0 f i CctCharacterController.obj
 0001:00017a80       ?copy@?$Array@PEBXVNamedAllocator@shdfnd@physx@@@shdfnd@physx@@KAXPEAPEBX0PEBQEBX@Z 0000000180018a80 f i CctCharacterController.obj
 0001:00017b20       ?copy@?$Array@UPxExtendedCapsule@physx@@VNamedAllocator@shdfnd@2@@shdfnd@physx@@KAXPEAUPxExtendedCapsule@3@0PEBU43@@Z 0000000180018b20 f i CctCharacterController.obj
 0001:00017bc0       ?copy@?$Array@VPxExtendedBox@physx@@VNamedAllocator@shdfnd@2@@shdfnd@physx@@KAXPEAVPxExtendedBox@3@0PEBV43@@Z 0000000180018bc0 f i CctCharacterController.obj
 0001:00017c60       ?cross@PxVec3@physx@@QEBA?AV12@AEBV12@@Z 0000000180018c60 f i CctCharacterController.obj
 0001:00017d50       ?deallocate@?$Array@IVNamedAllocator@shdfnd@physx@@@shdfnd@physx@@IEAAXPEAX@Z 0000000180018d50 f i CctCharacterController.obj
 0001:00017d80       ?deallocate@?$Array@PEBXVNamedAllocator@shdfnd@physx@@@shdfnd@physx@@IEAAXPEAX@Z 0000000180018d80 f i CctCharacterController.obj
 0001:00017db0       ?deallocate@?$Array@UPxExtendedCapsule@physx@@VNamedAllocator@shdfnd@2@@shdfnd@physx@@IEAAXPEAX@Z 0000000180018db0 f i CctCharacterController.obj
 0001:00017de0       ?deallocate@?$Array@VPxExtendedBox@physx@@VNamedAllocator@shdfnd@2@@shdfnd@physx@@IEAAXPEAX@Z 0000000180018de0 f i CctCharacterController.obj
 0001:00017e10       ?deallocate@?$Array@VPxTriangle@physx@@VNamedAllocator@shdfnd@2@@shdfnd@physx@@IEAAXPEAX@Z 0000000180018e10 f i CctCharacterController.obj
 0001:00017e40       ?decomposeVector@shdfnd@physx@@YAXAEAVPxVec3@2@0AEBV32@1@Z 0000000180018e40 f i CctCharacterController.obj
 0001:00017ed0       ?destroy@?$Array@IVNamedAllocator@shdfnd@physx@@@shdfnd@physx@@KAXPEAI0@Z 0000000180018ed0 f i CctCharacterController.obj
 0001:00017f10       ?destroy@?$Array@PEBXVNamedAllocator@shdfnd@physx@@@shdfnd@physx@@KAXPEAPEBX0@Z 0000000180018f10 f i CctCharacterController.obj
 0001:00017f50       ?destroy@?$Array@UPxExtendedCapsule@physx@@VNamedAllocator@shdfnd@2@@shdfnd@physx@@KAXPEAUPxExtendedCapsule@3@0@Z 0000000180018f50 f i CctCharacterController.obj
 0001:00017f90       ?destroy@?$Array@VPxExtendedBox@physx@@VNamedAllocator@shdfnd@2@@shdfnd@physx@@KAXPEAVPxExtendedBox@3@0@Z 0000000180018f90 f i CctCharacterController.obj
 0001:00017fe0       ?destroy@?$Array@VPxTriangle@physx@@VNamedAllocator@shdfnd@2@@shdfnd@physx@@KAXPEAVPxTriangle@3@0@Z 0000000180018fe0 f i CctCharacterController.obj
 0001:00018030       ?dot@PxExtendedVec3@physx@@QEBANAEBVPxVec3@2@@Z 0000000180019030 f i CctCharacterController.obj
 0001:000180b0       ?dot@PxVec3@physx@@QEBAMAEBV12@@Z 00000001800190b0 f i CctCharacterController.obj
 0001:00018110       ?encodeUserObject@Cct@physx@@YAIIW4UserObjectType@12@@Z 0000000180019110 f i CctCharacterController.obj
 0001:00018200       ?end@?$Array@IVNamedAllocator@shdfnd@physx@@@shdfnd@physx@@QEAAPEAIXZ 0000000180019200 f i CctCharacterController.obj
 0001:00018220       ?end@?$Array@IVNamedAllocator@shdfnd@physx@@@shdfnd@physx@@QEBAPEBIXZ 0000000180019220 f i CctCharacterController.obj
 0001:00018240       ?equal@?$Hash@PEAVPxShape@physx@@@shdfnd@physx@@QEBA_NAEBQEAVPxShape@3@0@Z 0000000180019240 f i CctCharacterController.obj
 0001:00018290       ?finalizeQuery@?$PxHitCallback@UPxRaycastHit@physx@@@physx@@UEAAXXZ 0000000180019290 f i CctCharacterController.obj
 0001:000182a0       ?find@?$HashBase@PEAVPxShape@physx@@PEAV12@U?$Hash@PEAVPxShape@physx@@@shdfnd@2@UGetKey@?$HashSetBase@PEAVPxShape@physx@@U?$Hash@PEAVPxShape@physx@@@shdfnd@2@VNonTrackingAllocator@42@$0A@@internal@42@VNonTrackingAllocator@42@$0A@@internal@shdfnd@physx@@QEBAPEBQEAVPxShape@4@AEBQEAV54@@Z 00000001800192a0 f i CctCharacterController.obj
 0001:000183a0       ?forceSize_Unsafe@?$Array@IVNamedAllocator@shdfnd@physx@@@shdfnd@physx@@QEAAXI@Z 00000001800193a0 f i CctCharacterController.obj
 0001:00018430       ?forceSize_Unsafe@?$Array@VPxTriangle@physx@@VNamedAllocator@shdfnd@2@@shdfnd@physx@@QEAAXI@Z 0000000180019430 f i CctCharacterController.obj
 0001:000184c0       ?forceSize_Unsafe@TriArray@Cct@physx@@QEAAXI@Z 00000001800194c0 f i CctCharacterController.obj
 0001:000184f0       ?get@?$TouchedObject@VPxRigidActor@physx@@@Cct@physx@@QEBAPEBVPxRigidActor@3@XZ 00000001800194f0 f i CctCharacterController.obj
 0001:00018510       ?get@?$TouchedObject@VPxShape@physx@@@Cct@physx@@QEBAPEBVPxShape@3@XZ 0000000180019510 f i CctCharacterController.obj
 0001:00018530       ?getAnyHit@?$PxHitBuffer@UPxRaycastHit@physx@@@physx@@QEBAAEBUPxRaycastHit@2@I@Z 0000000180019530 f i CctCharacterController.obj
 0001:00018620       ?getBasisVector0@PxQuat@physx@@QEBA?AVPxVec3@2@XZ 0000000180019620 f i CctCharacterController.obj
 0001:00018740       ?getCenter@PxBounds3@physx@@QEBA?AVPxVec3@2@XZ 0000000180019740 f i CctCharacterController.obj
 0001:00018810       ?getConcreteType@PxBase@physx@@QEBAGXZ 0000000180019810 f i CctCharacterController.obj
 0001:00018830       ?getContextId@Controller@Cct@physx@@QEBA_KXZ 0000000180019830 f i CctCharacterController.obj
 0001:00018850       ?getDimensions@PxBounds3@physx@@QEBA?AVPxVec3@2@XZ 0000000180019850 f i CctCharacterController.obj
 0001:00018900       ?getExtents@PxBounds3@physx@@QEBA?AVPxVec3@2@XZ 0000000180019900 f i CctCharacterController.obj
 0001:000189c0       ?getGlobalPose@PxShapeExt@physx@@SA?AVPxTransform@2@AEBVPxShape@2@AEBVPxRigidActor@2@@Z 00000001800199c0 f i CctCharacterController.obj
 0001:00018a70       ?getNbTouches@?$PxHitBuffer@UPxRaycastHit@physx@@@physx@@QEBAIXZ 0000000180019a70 f i CctCharacterController.obj
 0001:00018a90       ?getNormalized@PxVec3@physx@@QEBA?AV12@XZ 0000000180019a90 f i CctCharacterController.obj
 0001:00018b40       ?getShapeGlobalPose@physx@@YA?AVPxTransform@1@AEBVPxShape@1@AEBVPxRigidActor@1@@Z 0000000180019b40 f i CctCharacterController.obj
 0001:00018b80       ?getTouches@?$PxHitBuffer@UPxRaycastHit@physx@@@physx@@QEBAPEBUPxRaycastHit@2@XZ 0000000180019b80 f i CctCharacterController.obj
 0001:00018ba0       ?getTriangle@TriArray@Cct@physx@@QEBAAEBVPxTriangle@3@I@Z 0000000180019ba0 f i CctCharacterController.obj
 0001:00018bd0       ?getType@SweptVolume@Cct@physx@@QEBA?AW4Enum@SweptVolumeType@23@XZ 0000000180019bd0 f i CctCharacterController.obj
 0001:00018bf0       ?grow@?$Array@IVNamedAllocator@shdfnd@physx@@@shdfnd@physx@@IEAAXI@Z 0000000180019bf0 f i CctCharacterController.obj
 0001:00018c90       ?growAndPushBack@?$Array@PEBXVNamedAllocator@shdfnd@physx@@@shdfnd@physx@@IEAAAEAPEBXAEBQEBX@Z 0000000180019c90 f i CctCharacterController.obj
 0001:00018e70       ?growAndPushBack@?$Array@UPxExtendedCapsule@physx@@VNamedAllocator@shdfnd@2@@shdfnd@physx@@IEAAAEAUPxExtendedCapsule@3@AEBU43@@Z 0000000180019e70 f i CctCharacterController.obj
 0001:000190b0       ?growAndPushBack@?$Array@VPxExtendedBox@physx@@VNamedAllocator@shdfnd@2@@shdfnd@physx@@IEAAAEAVPxExtendedBox@3@AEBV43@@Z 000000018001a0b0 f i CctCharacterController.obj
 0001:000192a0       ?hash@?$HashBase@PEAVPxShape@physx@@PEAV12@U?$Hash@PEAVPxShape@physx@@@shdfnd@2@UGetKey@?$HashSetBase@PEAVPxShape@physx@@U?$Hash@PEAVPxShape@physx@@@shdfnd@2@VNonTrackingAllocator@42@$0A@@internal@42@VNonTrackingAllocator@42@$0A@@internal@shdfnd@physx@@AEBAIAEBQEAVPxShape@4@@Z 000000018001a2a0 f i CctCharacterController.obj
 0001:000192e0       ?hash@?$HashBase@PEAVPxShape@physx@@PEAV12@U?$Hash@PEAVPxShape@physx@@@shdfnd@2@UGetKey@?$HashSetBase@PEAVPxShape@physx@@U?$Hash@PEAVPxShape@physx@@@shdfnd@2@VNonTrackingAllocator@42@$0A@@internal@42@VNonTrackingAllocator@42@$0A@@internal@shdfnd@physx@@AEBAIAEBQEAVPxShape@4@I@Z 000000018001a2e0 f i CctCharacterController.obj
 0001:00019320       ?hash@shdfnd@physx@@YAIPEBX@Z 000000018001a320 f i CctCharacterController.obj
 0001:00019340       ?hash@shdfnd@physx@@YAI_K@Z 000000018001a340 f i CctCharacterController.obj
 0001:00019450       ?intersectOBBAABB@Gu@physx@@YA_NAEBVBox@12@AEBVPxBounds3@2@@Z 000000018001a450 f i CctCharacterController.obj
 0001:00019510       ?isAlmostZero@shdfnd@physx@@YA_NAEBVPxVec3@2@@Z 000000018001a510 f i CctCharacterController.obj
 0001:00019590       ?isFinite@PxBounds3@physx@@QEBA_NXZ 000000018001a590 f i CctCharacterController.obj
 0001:00019600       ?isFinite@PxQuat@physx@@QEBA_NXZ 000000018001a600 f i CctCharacterController.obj
 0001:000196a0       ?isFinite@PxTransform@physx@@QEBA_NXZ 000000018001a6a0 f i CctCharacterController.obj
 0001:00019710       ?isFinite@PxVec3@physx@@QEBA_NXZ 000000018001a710 f i CctCharacterController.obj
 0001:00019790       ?isFinite@intrinsics@physx@@YA_NM@Z 000000018001a790 f i CctCharacterController.obj
 0001:000197e0       ?isInUserMemory@?$Array@IVNamedAllocator@shdfnd@physx@@@shdfnd@physx@@QEBAIXZ 000000018001a7e0 f i CctCharacterController.obj
 0001:00019800       ?isInUserMemory@?$Array@PEBXVNamedAllocator@shdfnd@physx@@@shdfnd@physx@@QEBAIXZ 000000018001a800 f i CctCharacterController.obj
 0001:00019820       ?isInUserMemory@?$Array@UPxExtendedCapsule@physx@@VNamedAllocator@shdfnd@2@@shdfnd@physx@@QEBAIXZ 000000018001a820 f i CctCharacterController.obj
 0001:00019840       ?isInUserMemory@?$Array@VPxExtendedBox@physx@@VNamedAllocator@shdfnd@2@@shdfnd@physx@@QEBAIXZ 000000018001a840 f i CctCharacterController.obj
 0001:00019860       ?isInUserMemory@?$Array@VPxTriangle@physx@@VNamedAllocator@shdfnd@2@@shdfnd@physx@@QEBAIXZ 000000018001a860 f i CctCharacterController.obj
 0001:00019880       ?isInside@PxExtendedBounds3@physx@@QEBA_NAEBU12@@Z 000000018001a880 f i CctCharacterController.obj
 0001:00019960       ?isSane@PxQuat@physx@@QEBA_NXZ 000000018001a960 f i CctCharacterController.obj
 0001:000199e0       ?isSane@PxTransform@physx@@QEBA_NXZ 000000018001a9e0 f i CctCharacterController.obj
 0001:00019a40       ?isValid@PxBounds3@physx@@QEBA_NXZ 000000018001aa40 f i CctCharacterController.obj
 0001:00019b70       ?isZero@PxVec3@physx@@QEBA_NXZ 000000018001ab70 f i CctCharacterController.obj
 0001:00019bd0       ?magnitude@PxQuat@physx@@QEBAMXZ 000000018001abd0 f i CctCharacterController.obj
 0001:00019c00       ?magnitude@PxVec3@physx@@QEBAMXZ 000000018001ac00 f i CctCharacterController.obj
 0001:00019c30       ?magnitudeSquared@PxQuat@physx@@QEBAMXZ 000000018001ac30 f i CctCharacterController.obj
 0001:00019cb0       ?magnitudeSquared@PxVec3@physx@@QEBAMXZ 000000018001acb0 f i CctCharacterController.obj
 0001:00019d10       ?maximum@PxExtendedVec3@physx@@QEAAXAEBU12@@Z 000000018001ad10 f i CctCharacterController.obj
 0001:00019dc0       ?minimum@PxExtendedVec3@physx@@QEAAXAEBU12@@Z 000000018001adc0 f i CctCharacterController.obj
 0001:00019e70       ?normal@PxTriangle@physx@@QEBAXAEAVPxVec3@2@@Z 000000018001ae70 f i CctCharacterController.obj
 0001:00019f60       ?normalize@PxVec3@physx@@QEAAMXZ 000000018001af60 f i CctCharacterController.obj
 0001:00019fc0       ?postFilter@ControllerFilter@@UEAA?AW4Enum@PxQueryHitType@physx@@AEBUPxFilterData@4@AEBUPxQueryHit@4@@Z 000000018001afc0 f i CctCharacterController.obj
 0001:0001a0c0       ?preFilter@ControllerFilter@@UEAA?AW4Enum@PxQueryHitType@physx@@AEBUPxFilterData@4@PEBVPxShape@4@PEBVPxRigidActor@4@AEAV?$PxFlags@W4Enum@PxHitFlag@physx@@G@4@@Z 000000018001b0c0 f i CctCharacterController.obj
 0001:0001a200       ?processTouches@?$PxHitBuffer@UPxRaycastHit@physx@@@physx@@MEAA_NPEBUPxRaycastHit@2@I@Z 000000018001b200 f i CctCharacterController.obj
 0001:0001a240       ?pushBack@?$Array@PEBXVNamedAllocator@shdfnd@physx@@@shdfnd@physx@@QEAAAEAPEBXAEBQEBX@Z 000000018001b240 f i CctCharacterController.obj
 0001:0001a310       ?pushBack@?$Array@UPxExtendedCapsule@physx@@VNamedAllocator@shdfnd@2@@shdfnd@physx@@QEAAAEAUPxExtendedCapsule@3@AEBU43@@Z 000000018001b310 f i CctCharacterController.obj
 0001:0001a3e0       ?pushBack@?$Array@VPxExtendedBox@physx@@VNamedAllocator@shdfnd@2@@shdfnd@physx@@QEAAAEAVPxExtendedBox@3@AEBV43@@Z 000000018001b3e0 f i CctCharacterController.obj
 0001:0001a4b0       ?recipSqrt@intrinsics@physx@@YAMM@Z 000000018001b4b0 f i CctCharacterController.obj
 0001:0001a4f0       ?recreate@?$Array@IVNamedAllocator@shdfnd@physx@@@shdfnd@physx@@IEAAXI@Z 000000018001b4f0 f i CctCharacterController.obj
 0001:0001a640       ?reserve@?$Array@IVNamedAllocator@shdfnd@physx@@@shdfnd@physx@@QEAAXI@Z 000000018001b640 f i CctCharacterController.obj
 0001:0001a680       ?resetStats@SweepTest@Cct@physx@@QEAAXXZ 000000018001b680 f i CctCharacterController.obj
 0001:0001a6d0       ?rotate@PxQuat@physx@@QEBA?BVPxVec3@2@AEBV32@@Z 000000018001b6d0 f i CctCharacterController.obj
 0001:0001a920       ?rotateInv@PxQuat@physx@@QEBA?BVPxVec3@2@AEBV32@@Z 000000018001b920 f i CctCharacterController.obj
 0001:0001ab70       ?selectMax@intrinsics@physx@@YAMMM@Z 000000018001bb70 f i CctCharacterController.obj
 0001:0001abc0       ?selectMin@intrinsics@physx@@YAMMM@Z 000000018001bbc0 f i CctCharacterController.obj
 0001:0001ac10       ?set@PxExtendedBounds3@physx@@QEAAXNNNNNN@Z 000000018001bc10 f i CctCharacterController.obj
 0001:0001ac90       ?set@PxExtendedVec3@physx@@QEAAXNNN@Z 000000018001bc90 f i CctCharacterController.obj
 0001:0001acf0       ?setEmpty@PxExtendedBounds3@physx@@QEAAXXZ 000000018001bcf0 f i CctCharacterController.obj
 0001:0001ad60       ?setWorldPos@SweptContact@Cct@physx@@QEAAXAEBVPxVec3@3@AEBUPxExtendedVec3@3@@Z 000000018001bd60 f i CctCharacterController.obj
 0001:0001ade0       ?size@?$Array@IVNamedAllocator@shdfnd@physx@@@shdfnd@physx@@QEBAIXZ 000000018001bde0 f i CctCharacterController.obj
 0001:0001ae00       ?size@?$Array@PEBXVNamedAllocator@shdfnd@physx@@@shdfnd@physx@@QEBAIXZ 000000018001be00 f i CctCharacterController.obj
 0001:0001ae20       ?size@?$Array@UInternalBoxObstacle@ObstacleContext@Cct@physx@@VNamedAllocator@shdfnd@4@@shdfnd@physx@@QEBAIXZ 000000018001be20 f i CctCharacterController.obj
 0001:0001ae40       ?size@?$Array@UInternalCapsuleObstacle@ObstacleContext@Cct@physx@@VNamedAllocator@shdfnd@4@@shdfnd@physx@@QEBAIXZ 000000018001be40 f i CctCharacterController.obj
 0001:0001ae60       ?size@?$Array@UPxExtendedCapsule@physx@@VNamedAllocator@shdfnd@2@@shdfnd@physx@@QEBAIXZ 000000018001be60 f i CctCharacterController.obj
 0001:0001ae80       ?size@?$Array@VPxExtendedBox@physx@@VNamedAllocator@shdfnd@2@@shdfnd@physx@@QEBAIXZ 000000018001be80 f i CctCharacterController.obj
 0001:0001aea0       ?size@?$Array@VPxTriangle@physx@@VNamedAllocator@shdfnd@2@@shdfnd@physx@@QEBAIXZ 000000018001bea0 f i CctCharacterController.obj
 0001:0001aec0       ?size@TriArray@Cct@physx@@QEBAIXZ 000000018001bec0 f i CctCharacterController.obj
 0001:0001aee0       ?sqrt@intrinsics@physx@@YAMM@Z 000000018001bee0 f i CctCharacterController.obj
 0001:0001af10       ?testSlope@physx@@YA_NAEBVPxVec3@1@0M@Z 000000018001bf10 f i CctCharacterController.obj
 0001:0001af90       ?toVec3@physx@@YA?AVPxVec3@1@AEBUPxExtendedVec3@1@@Z 000000018001bf90 f i CctCharacterController.obj
 0001:0001b000       ?transform@PxTransform@physx@@QEBA?AV12@AEBV12@@Z 000000018001c000 f i CctCharacterController.obj
 0001:0001b1d0       ?transform@PxTransform@physx@@QEBA?AVPxVec3@2@AEBV32@@Z 000000018001c1d0 f i CctCharacterController.obj
 0001:0001b2b0       ?transformInv@PxTransform@physx@@QEBA?AVPxVec3@2@AEBV32@@Z 000000018001c2b0 f i CctCharacterController.obj
 0001:0001b380       fabsf                      000000018001c380 f i CctCharacterController.obj
 0001:0001b430       ?getSceneTimestamp@Cct@physx@@YAIPEBUInternalCBData_FindTouchedGeom@12@@Z 000000018001c430 f   CctCharacterControllerCallbacks.obj
 0001:0001b4c0       ?findTouchedGeometry@Cct@physx@@YAXPEBUInternalCBData_FindTouchedGeom@12@AEBUPxExtendedBounds3@2@AEAVTriArray@12@AEAV?$Array@IVNamedAllocator@shdfnd@physx@@@shdfnd@2@3AEBVCCTFilter@12@AEBUCCTParams@12@AEAG@Z 000000018001c4c0 f   CctCharacterControllerCallbacks.obj
 0001:0001bcb0       ?shapeHitCallback@Cct@physx@@YAIPEBUInternalCBData_OnHit@12@AEBUSweptContact@12@AEBVPxVec3@2@M@Z 000000018001ccb0 f   CctCharacterControllerCallbacks.obj
 0001:0001bde0       ?userHitCallback@Cct@physx@@YAIPEBUInternalCBData_OnHit@12@AEBUSweptContact@12@AEBVPxVec3@2@M@Z 000000018001cde0 f   CctCharacterControllerCallbacks.obj
 0001:00021550       ??$PX_UNUSED@PEBUPxOverlapHit@physx@@@@YAXAEBQEBUPxOverlapHit@physx@@@Z 0000000180022550 f i CctCharacterControllerCallbacks.obj
 0001:00021560       ??0?$PxFlags@W4Enum@PxConvexMeshGeometryFlag@physx@@E@physx@@QEAA@XZ 0000000180022560 f i CctCharacterControllerCallbacks.obj
 0001:00021580       ??0?$PxFlags@W4Enum@PxMeshGeometryFlag@physx@@E@physx@@QEAA@E@Z 0000000180022580 f i CctCharacterControllerCallbacks.obj
 0001:000215b0       ??0?$PxFlags@W4Enum@PxMeshGeometryFlag@physx@@E@physx@@QEAA@XZ 00000001800225b0 f i CctCharacterControllerCallbacks.obj
 0001:000215d0       ??0?$PxHitBuffer@UPxOverlapHit@physx@@@physx@@QEAA@PEAUPxOverlapHit@1@I@Z 00000001800225d0 f i CctCharacterControllerCallbacks.obj
 0001:00021620       ??0?$PxHitCallback@UPxOverlapHit@physx@@@physx@@QEAA@PEAUPxOverlapHit@1@I@Z 0000000180022620 f i CctCharacterControllerCallbacks.obj
 0001:000216b0       ??0?$PxPadding@$02@physx@@QEAA@XZ 00000001800226b0 f i CctCharacterControllerCallbacks.obj
 0001:00021700       ??0PxControllerHit@physx@@QEAA@XZ 0000000180022700 f i CctCharacterControllerCallbacks.obj
 0001:00021760       ??0PxControllerObstacleHit@physx@@QEAA@XZ 0000000180022760 f i CctCharacterControllerCallbacks.obj
 0001:00021790       ??0PxControllerShapeHit@physx@@QEAA@XZ 0000000180022790 f i CctCharacterControllerCallbacks.obj
 0001:000217c0       ??0PxControllersHit@physx@@QEAA@XZ 00000001800227c0 f i CctCharacterControllerCallbacks.obj
 0001:000217f0       ??0PxConvexMeshGeometry@physx@@QEAA@XZ 00000001800227f0 f i CctCharacterControllerCallbacks.obj
 0001:00021890       ??0PxExtendedSphere@physx@@QEAA@XZ 0000000180022890 f i CctCharacterControllerCallbacks.obj
 0001:000218c0       ??0PxHeightFieldGeometry@physx@@QEAA@XZ 00000001800228c0 f i CctCharacterControllerCallbacks.obj
 0001:00021970       ??0PxMat33@physx@@QEAA@AEBVPxVec3@1@00@Z 0000000180022970 f i CctCharacterControllerCallbacks.obj
 0001:000219f0       ??0PxMeshScale@physx@@QEAA@M@Z 00000001800229f0 f i CctCharacterControllerCallbacks.obj
 0001:00021a40       ??0PxMeshScale@physx@@QEAA@XZ 0000000180022a40 f i CctCharacterControllerCallbacks.obj
 0001:00021a90       ??0PxOverlapHit@physx@@QEAA@XZ 0000000180022a90 f i CctCharacterControllerCallbacks.obj
 0001:00021ac0       ??0PxPlane@physx@@QEAA@AEBVPxVec3@1@M@Z 0000000180022ac0 f i CctCharacterControllerCallbacks.obj
 0001:00021b10       ??0PxPlane@physx@@QEAA@MMMM@Z 0000000180022b10 f i CctCharacterControllerCallbacks.obj
 0001:00021b80       ??0PxQueryFilterData@physx@@QEAA@$$QEAU01@@Z 0000000180022b80 f i CctCharacterControllerCallbacks.obj
 0001:00021bf0       ??0PxQueryFilterData@physx@@QEAA@V?$PxFlags@W4Enum@PxQueryFlag@physx@@G@1@@Z 0000000180022bf0 f i CctCharacterControllerCallbacks.obj
 0001:00021c50       ??0PxTransform@physx@@QEAA@AEBVPxVec3@1@@Z 0000000180022c50 f i CctCharacterControllerCallbacks.obj
 0001:00021ca0       ??0PxTriangle@physx@@QEAA@AEBV01@@Z 0000000180022ca0 f i CctCharacterControllerCallbacks.obj
 0001:00021da0       ??0PxTriangle@physx@@QEAA@AEBVPxVec3@1@00@Z 0000000180022da0 f i CctCharacterControllerCallbacks.obj
 0001:00021e70       ??0PxTriangle@physx@@QEAA@XZ 0000000180022e70 f i CctCharacterControllerCallbacks.obj
 0001:00021eb0       ??0PxTriangleMeshGeometry@physx@@QEAA@XZ 0000000180022eb0 f i CctCharacterControllerCallbacks.obj
 0001:00021f30       ??0PxVec4@physx@@QEAA@MMMM@Z 0000000180022f30 f i CctCharacterControllerCallbacks.obj
 0001:00021fb0       ??0TessParams@@QEAA@XZ     0000000180022fb0 f i CctCharacterControllerCallbacks.obj
 0001:00022000       ??0TrianglePadded@Gu@physx@@QEAA@XZ 0000000180023000 f i CctCharacterControllerCallbacks.obj
 0001:00022030       ??0Vec3p@Gu@physx@@QEAA@AEBVPxVec3@2@@Z 0000000180023030 f i CctCharacterControllerCallbacks.obj
 0001:00022060       ??1?$PxHitBuffer@UPxOverlapHit@physx@@@physx@@UEAA@XZ 0000000180023060 f i CctCharacterControllerCallbacks.obj
 0001:00022090       ??1?$PxHitCallback@UPxOverlapHit@physx@@@physx@@UEAA@XZ 0000000180023090 f i CctCharacterControllerCallbacks.obj
 0001:000220b0       ??1PxExtendedSphere@physx@@QEAA@XZ 00000001800230b0 f i CctCharacterControllerCallbacks.obj
 0001:000220c0       ??1TrianglePadded@Gu@physx@@QEAA@XZ 00000001800230c0 f i CctCharacterControllerCallbacks.obj
 0001:000220e0       ??1Vec3p@Gu@physx@@QEAA@XZ 00000001800230e0 f i CctCharacterControllerCallbacks.obj
 0001:000220f0       ??APxVec3@physx@@QEBAAEBMI@Z 00000001800230f0 f i CctCharacterControllerCallbacks.obj
 0001:00022180       ??DPxMat33@physx@@QEBA?BV01@AEBV01@@Z 0000000180023180 f i CctCharacterControllerCallbacks.obj
 0001:00022240       ??DPxVec4@physx@@QEBA?AV01@M@Z 0000000180023240 f i CctCharacterControllerCallbacks.obj
 0001:000222e0       ??HPxVec4@physx@@QEBA?AV01@AEBV01@@Z 00000001800232e0 f i CctCharacterControllerCallbacks.obj
 0001:00022390       ??_E?$PxHitBuffer@UPxOverlapHit@physx@@@physx@@UEAAPEAXI@Z 0000000180023390 f i CctCharacterControllerCallbacks.obj
 0001:00022390       ??_G?$PxHitBuffer@UPxOverlapHit@physx@@@physx@@UEAAPEAXI@Z 0000000180023390 f i CctCharacterControllerCallbacks.obj
 0001:000223e0       ??_E?$PxHitCallback@UPxOverlapHit@physx@@@physx@@UEAAPEAXI@Z 00000001800233e0 f i CctCharacterControllerCallbacks.obj
 0001:000223e0       ??_G?$PxHitCallback@UPxOverlapHit@physx@@@physx@@UEAAPEAXI@Z 00000001800233e0 f i CctCharacterControllerCallbacks.obj
 0001:00022430       ?FLoad@aos@shdfnd@physx@@YA?AT__m128@@M@Z 0000000180023430 f i CctCharacterControllerCallbacks.obj
 0001:00022460       ?PxPlaneEquationFromTransform@physx@@YA?AVPxPlane@1@AEBVPxTransform@1@@Z 0000000180023460 f i CctCharacterControllerCallbacks.obj
 0001:000224c0       ?V3Load@aos@shdfnd@physx@@YA?AT__m128@@M@Z 00000001800234c0 f i CctCharacterControllerCallbacks.obj
 0001:00022510       ?V4Load@aos@shdfnd@physx@@YA?AT__m128@@M@Z 0000000180023510 f i CctCharacterControllerCallbacks.obj
 0001:00022540       ?allocate@?$Array@VPxTriangle@physx@@VNamedAllocator@shdfnd@2@@shdfnd@physx@@IEAAPEAVPxTriangle@3@I@Z 0000000180023540 f i CctCharacterControllerCallbacks.obj
 0001:000225f0       ?begin@?$Array@VPxTriangle@physx@@VNamedAllocator@shdfnd@2@@shdfnd@physx@@QEBAPEBVPxTriangle@3@XZ 00000001800235f0 f i CctCharacterControllerCallbacks.obj
 0001:00022610       ?begin@TriArray@Cct@physx@@QEBAPEBVPxTriangle@3@XZ 0000000180023610 f i CctCharacterControllerCallbacks.obj
 0001:00022630       ?capacityIncrement@?$Array@IVNamedAllocator@shdfnd@physx@@@shdfnd@physx@@IEBAIXZ 0000000180023630 f i CctCharacterControllerCallbacks.obj
 0001:00022680       ?centerExtents@PxBounds3@physx@@SA?AV12@AEBVPxVec3@2@0@Z 0000000180023680 f i CctCharacterControllerCallbacks.obj
 0001:00022700       ?computeBasis@shdfnd@physx@@YAXAEBVPxVec3@2@AEAV32@1@Z 0000000180023700 f i CctCharacterControllerCallbacks.obj
 0001:000228d0       ?copy@?$Array@VPxTriangle@physx@@VNamedAllocator@shdfnd@2@@shdfnd@physx@@KAXPEAVPxTriangle@3@0PEBV43@@Z 00000001800238d0 f i CctCharacterControllerCallbacks.obj
 0001:00022970       ?decodeIndex@Cct@physx@@YAII@Z 0000000180023970 f i CctCharacterControllerCallbacks.obj
 0001:00022980       ?decodeType@Cct@physx@@YA?AW4UserObjectType@12@I@Z 0000000180023980 f i CctCharacterControllerCallbacks.obj
 0001:000229a0       ?distance@PxPlane@physx@@QEBAMAEBVPxVec3@2@@Z 00000001800239a0 f i CctCharacterControllerCallbacks.obj
 0001:000229e0       ?end@?$Array@VPxTriangle@physx@@VNamedAllocator@shdfnd@2@@shdfnd@physx@@QEAAPEAVPxTriangle@3@XZ 00000001800239e0 f i CctCharacterControllerCallbacks.obj
 0001:00022a00       ?finalizeQuery@?$PxHitCallback@UPxOverlapHit@physx@@@physx@@UEAAXXZ 0000000180023a00 f i CctCharacterControllerCallbacks.obj
 0001:00022a10       ?getAnyHit@?$PxHitBuffer@UPxOverlapHit@physx@@@physx@@QEBAAEBUPxOverlapHit@2@I@Z 0000000180023a10 f i CctCharacterControllerCallbacks.obj
 0001:00022b00       ?getCctManager@Controller@Cct@physx@@QEAAPEAVCharacterControllerManager@23@XZ 0000000180023b00 f i CctCharacterControllerCallbacks.obj
 0001:00022b20       ?getNbAnyHits@?$PxHitBuffer@UPxOverlapHit@physx@@@physx@@QEBAIXZ 0000000180023b20 f i CctCharacterControllerCallbacks.obj
 0001:00022b50       ?getNbTouches@?$PxHitBuffer@UPxOverlapHit@physx@@@physx@@QEBAIXZ 0000000180023b50 f i CctCharacterControllerCallbacks.obj
 0001:00022b70       ?getPosition@PxMat44@physx@@QEBA?BVPxVec3@2@XZ 0000000180023b70 f i CctCharacterControllerCallbacks.obj
 0001:00022bb0       ?getResults@PxMeshOverlapUtil@physx@@QEBAPEBIXZ 0000000180023bb0 f i CctCharacterControllerCallbacks.obj
 0001:00022bd0       ?getTouches@?$PxHitBuffer@UPxOverlapHit@physx@@@physx@@QEBAPEBUPxOverlapHit@2@XZ 0000000180023bd0 f i CctCharacterControllerCallbacks.obj
 0001:00022bf0       ?getTranspose@PxMat33@physx@@QEBA?BV12@XZ 0000000180023bf0 f i CctCharacterControllerCallbacks.obj
 0001:00022cd0       ?getXYZ@PxVec4@physx@@QEBA?AVPxVec3@2@XZ 0000000180023cd0 f i CctCharacterControllerCallbacks.obj
 0001:00022d20       ?grow@?$Array@VPxTriangle@physx@@VNamedAllocator@shdfnd@2@@shdfnd@physx@@IEAAXI@Z 0000000180023d20 f i CctCharacterControllerCallbacks.obj
 0001:00022dc0       ?growAndPushBack@?$Array@IVNamedAllocator@shdfnd@physx@@@shdfnd@physx@@IEAAAEAIAEBI@Z 0000000180023dc0 f i CctCharacterControllerCallbacks.obj
 0001:00022fa0       ?processTouches@?$PxHitBuffer@UPxOverlapHit@physx@@@physx@@MEAA_NPEBUPxOverlapHit@2@I@Z 0000000180023fa0 f i CctCharacterControllerCallbacks.obj
 0001:00022fe0       ?project@PxPlane@physx@@QEBA?AVPxVec3@2@AEBV32@@Z 0000000180023fe0 f i CctCharacterControllerCallbacks.obj
 0001:00023050       ?pushBack@?$Array@IVNamedAllocator@shdfnd@physx@@@shdfnd@physx@@QEAAAEAIAEBI@Z 0000000180024050 f i CctCharacterControllerCallbacks.obj
 0001:00023120       ?pushBack@TriArray@Cct@physx@@QEAAXAEBVPxTriangle@3@@Z 0000000180024120 f i CctCharacterControllerCallbacks.obj
 0001:00023210       ?recreate@?$Array@VPxTriangle@physx@@VNamedAllocator@shdfnd@2@@shdfnd@physx@@IEAAXI@Z 0000000180024210 f i CctCharacterControllerCallbacks.obj
 0001:00023370       ?reserve@?$Array@VPxTriangle@physx@@VNamedAllocator@shdfnd@2@@shdfnd@physx@@QEAAXI@Z 0000000180024370 f i CctCharacterControllerCallbacks.obj
 0001:000233b0       ?reserve@TriArray@Cct@physx@@QEAAPEAVPxTriangle@3@I@Z 00000001800243b0 f i CctCharacterControllerCallbacks.obj
 0001:00023490       ?rotate@PxMat44@physx@@QEBA?BVPxVec3@2@AEBV32@@Z 0000000180024490 f i CctCharacterControllerCallbacks.obj
 0001:00023500       ?rotate@PxMat44@physx@@QEBA?BVPxVec4@2@AEBV32@@Z 0000000180024500 f i CctCharacterControllerCallbacks.obj
 0001:000235f0       ?rotate@PxTransform@physx@@QEBA?AVPxVec3@2@AEBV32@@Z 00000001800245f0 f i CctCharacterControllerCallbacks.obj
 0001:000236a0       ?toMat33@PxMeshScale@physx@@QEBA?AVPxMat33@2@XZ 00000001800246a0 f i CctCharacterControllerCallbacks.obj
 0001:00023790       ?transform@PxMat33@physx@@QEBA?BVPxVec3@2@AEBV32@@Z 0000000180024790 f i CctCharacterControllerCallbacks.obj
 0001:00023870       ?transform@PxTransform@physx@@QEBA?AVPxPlane@2@AEBV32@@Z 0000000180024870 f i CctCharacterControllerCallbacks.obj
 0001:00023980       PxCreateControllerManager  0000000180024980 f   CctCharacterControllerManager.obj
 0001:00023a10       ??0CharacterControllerManager@Cct@physx@@QEAA@AEAVPxScene@2@_N@Z 0000000180024a10 f   CctCharacterControllerManager.obj
 0001:00023c90       ??1CharacterControllerManager@Cct@physx@@UEAA@XZ 0000000180024c90 f   CctCharacterControllerManager.obj
 0001:00023dd0       ?release@CharacterControllerManager@Cct@physx@@UEAAXXZ 0000000180024dd0 f   CctCharacterControllerManager.obj
 0001:00023ef0       ?getScene@CharacterControllerManager@Cct@physx@@UEBAAEAVPxScene@3@XZ 0000000180024ef0 f   CctCharacterControllerManager.obj
 0001:00023f10       ?getNbControllers@CharacterControllerManager@Cct@physx@@UEBAIXZ 0000000180024f10 f   CctCharacterControllerManager.obj
 0001:00023f40       ?getController@CharacterControllerManager@Cct@physx@@UEAAPEAVPxController@3@I@Z 0000000180024f40 f   CctCharacterControllerManager.obj
 0001:00024030       ?createController@CharacterControllerManager@Cct@physx@@UEAAPEAVPxController@3@AEBVPxControllerDesc@3@@Z 0000000180025030 f   CctCharacterControllerManager.obj
 0001:000243c0       ?purgeControllers@CharacterControllerManager@Cct@physx@@UEAAXXZ 00000001800253c0 f   CctCharacterControllerManager.obj
 0001:00024430       ?getRenderBuffer@CharacterControllerManager@Cct@physx@@UEAAAEAVPxRenderBuffer@3@XZ 0000000180025430 f   CctCharacterControllerManager.obj
 0001:000244c0       ?setDebugRenderingFlags@CharacterControllerManager@Cct@physx@@UEAAXV?$PxFlags@W4Enum@PxControllerDebugRenderFlag@physx@@I@3@@Z 00000001800254c0 f   CctCharacterControllerManager.obj
 0001:00024560       ?getNbObstacleContexts@CharacterControllerManager@Cct@physx@@UEBAIXZ 0000000180025560 f   CctCharacterControllerManager.obj
 0001:00024590       ?getObstacleContext@CharacterControllerManager@Cct@physx@@UEAAPEAVPxObstacleContext@3@I@Z 0000000180025590 f   CctCharacterControllerManager.obj
 0001:00024670       ?createObstacleContext@CharacterControllerManager@Cct@physx@@UEAAPEAVPxObstacleContext@3@XZ 0000000180025670 f   CctCharacterControllerManager.obj
 0001:00024710       ?computeInteractions@CharacterControllerManager@Cct@physx@@UEAAXMPEAVPxControllerFilterCallback@3@@Z 0000000180025710 f   CctCharacterControllerManager.obj
 0001:00024aa0       ?setTessellation@CharacterControllerManager@Cct@physx@@UEAAX_NM@Z 0000000180025aa0 f   CctCharacterControllerManager.obj
 0001:00024ae0       ?setOverlapRecoveryModule@CharacterControllerManager@Cct@physx@@UEAAX_N@Z 0000000180025ae0 f   CctCharacterControllerManager.obj
 0001:00024b00       ?setPreciseSweeps@CharacterControllerManager@Cct@physx@@UEAAX_N@Z 0000000180025b00 f   CctCharacterControllerManager.obj
 0001:00024b20       ?setPreventVerticalSlidingAgainstCeiling@CharacterControllerManager@Cct@physx@@UEAAX_N@Z 0000000180025b20 f   CctCharacterControllerManager.obj
 0001:00024b40       ?shiftOrigin@CharacterControllerManager@Cct@physx@@UEAAXAEBVPxVec3@3@@Z 0000000180025b40 f   CctCharacterControllerManager.obj
 0001:00024ce0       ?onRelease@CharacterControllerManager@Cct@physx@@UEAAXPEBVPxBase@3@PEAXW4Enum@PxDeletionEventFlag@3@@Z 0000000180025ce0 f   CctCharacterControllerManager.obj
 0001:00024eb0       ?registerObservedObject@CharacterControllerManager@Cct@physx@@QEAAXPEBVPxBase@3@@Z 0000000180025eb0 f   CctCharacterControllerManager.obj
 0001:00024f40       ?unregisterObservedObject@CharacterControllerManager@Cct@physx@@QEAAXPEBVPxBase@3@@Z 0000000180025f40 f   CctCharacterControllerManager.obj
 0001:00025040       ?onObstacleRemoved@CharacterControllerManager@Cct@physx@@QEBAXI@Z 0000000180026040 f   CctCharacterControllerManager.obj
 0001:000250b0       ?onObstacleUpdated@CharacterControllerManager@Cct@physx@@QEBAXIPEBVPxObstacleContext@3@@Z 00000001800260b0 f   CctCharacterControllerManager.obj
 0001:000251f0       ?onObstacleAdded@CharacterControllerManager@Cct@physx@@QEBAXIPEBVPxObstacleContext@3@@Z 00000001800261f0 f   CctCharacterControllerManager.obj
 0001:00025330       ?releaseController@CharacterControllerManager@Cct@physx@@QEAAXAEAVPxController@3@@Z 0000000180026330 f   CctCharacterControllerManager.obj
 0001:000255b0       ?getControllers@CharacterControllerManager@Cct@physx@@QEAAPEAPEAVController@23@XZ 00000001800265b0 f   CctCharacterControllerManager.obj
 0001:000255e0       ?releaseObstacleContext@CharacterControllerManager@Cct@physx@@QEAAXAEAVObstacleContext@23@@Z 00000001800265e0 f   CctCharacterControllerManager.obj
 0001:000256e0       ?resetObstaclesBuffers@CharacterControllerManager@Cct@physx@@QEAAXXZ 00000001800266e0 f   CctCharacterControllerManager.obj
 0001:00027560       ??$?2V?$ReflectionAllocator@VBoxController@Cct@physx@@@shdfnd@physx@@@UserAllocated@shdfnd@physx@@SAPEAX_KV?$ReflectionAllocator@VBoxController@Cct@physx@@@12@PEBDH@Z 0000000180028560 f i CctCharacterControllerManager.obj
 0001:000275b0       ??$?2V?$ReflectionAllocator@VCapsuleController@Cct@physx@@@shdfnd@physx@@@UserAllocated@shdfnd@physx@@SAPEAX_KV?$ReflectionAllocator@VCapsuleController@Cct@physx@@@12@PEBDH@Z 00000001800285b0 f i CctCharacterControllerManager.obj
 0001:00027600       ??$?2V?$ReflectionAllocator@VCharacterControllerManager@Cct@physx@@@shdfnd@physx@@@UserAllocated@shdfnd@physx@@SAPEAX_KV?$ReflectionAllocator@VCharacterControllerManager@Cct@physx@@@12@PEBDH@Z 0000000180028600 f i CctCharacterControllerManager.obj
 0001:00027650       ??$?2V?$ReflectionAllocator@VObstacleContext@Cct@physx@@@shdfnd@physx@@@UserAllocated@shdfnd@physx@@SAPEAX_KV?$ReflectionAllocator@VObstacleContext@Cct@physx@@@12@PEBDH@Z 0000000180028650 f i CctCharacterControllerManager.obj
 0001:000276a0       ??$?2V?$ReflectionAllocator@VRenderBuffer@Cm@physx@@@shdfnd@physx@@@UserAllocated@shdfnd@physx@@SAPEAX_KV?$ReflectionAllocator@VRenderBuffer@Cm@physx@@@12@PEBDH@Z 00000001800286a0 f i CctCharacterControllerManager.obj
 0001:000276f0       ??$PX_UNUSED@W4Enum@PxDeletionEventFlag@physx@@@@YAXAEBW4Enum@PxDeletionEventFlag@physx@@@Z 00000001800286f0 f i CctCharacterControllerManager.obj
 0001:00027700       ??$append@UPxDebugLine@physx@@@RenderBuffer@Cm@physx@@AEAAXAEAV?$Array@UPxDebugLine@physx@@VNamedAllocator@shdfnd@2@@shdfnd@2@PEBUPxDebugLine@2@I@Z 0000000180028700 f i CctCharacterControllerManager.obj
 0001:000277a0       ??$append@UPxDebugPoint@physx@@@RenderBuffer@Cm@physx@@AEAAXAEAV?$Array@UPxDebugPoint@physx@@VNamedAllocator@shdfnd@2@@shdfnd@2@PEBUPxDebugPoint@2@I@Z 00000001800287a0 f i CctCharacterControllerManager.obj
 0001:00027840       ??$append@UPxDebugText@physx@@@RenderBuffer@Cm@physx@@AEAAXAEAV?$Array@UPxDebugText@physx@@VNamedAllocator@shdfnd@2@@shdfnd@2@PEBUPxDebugText@2@I@Z 0000000180028840 f i CctCharacterControllerManager.obj
 0001:000278e0       ??$append@UPxDebugTriangle@physx@@@RenderBuffer@Cm@physx@@AEAAXAEAV?$Array@UPxDebugTriangle@physx@@VNamedAllocator@shdfnd@2@@shdfnd@2@PEBUPxDebugTriangle@2@I@Z 00000001800288e0 f i CctCharacterControllerManager.obj
 0001:00027980       ??$resetOrClear@V?$Array@PEBXVNamedAllocator@shdfnd@physx@@@shdfnd@physx@@@@YAXAEAV?$Array@PEBXVNamedAllocator@shdfnd@physx@@@shdfnd@physx@@@Z 0000000180028980 f i CctCharacterControllerManager.obj
 0001:00027a00       ??$resetOrClear@V?$Array@UPxExtendedCapsule@physx@@VNamedAllocator@shdfnd@2@@shdfnd@physx@@@@YAXAEAV?$Array@UPxExtendedCapsule@physx@@VNamedAllocator@shdfnd@2@@shdfnd@physx@@@Z 0000000180028a00 f i CctCharacterControllerManager.obj
[...]
 0003:000005c9       ?_ignore@?N@??findTouchedObject@Controller@Cct@physx@@IEAAXAEBVPxControllerFilters@4@PEBVPxObstacleContext@4@AEBVPxVec3@4@@Z@4_NA 00000001800555c9     CctCharacterController.obj
 0003:000005ca       ?_ignore@?O@??findTouchedObject@Controller@Cct@physx@@IEAAXAEBVPxControllerFilters@4@PEBVPxObstacleContext@4@AEBVPxVec3@4@@Z@4_NA 00000001800555ca     CctCharacterController.obj
 0003:000005cb       ?_ignore@?BF@??findTouchedObject@Controller@Cct@physx@@IEAAXAEBVPxControllerFilters@4@PEBVPxObstacleContext@4@AEBVPxVec3@4@@Z@4_NA 00000001800555cb     CctCharacterController.obj
 0003:000005cc       ?_ignore@?2??rideOnTouchedObject@Controller@Cct@physx@@IEAA_NAEAVSweptVolume@34@AEBVPxVec3@4@AEAV64@PEBVPxObstacleContext@4@@Z@4_NA 00000001800555cc     CctCharacterController.obj
 0003:000005cd       ?_ignore@?BB@??rideOnTouchedObject@Controller@Cct@physx@@IEAA_NAEAVSweptVolume@34@AEBVPxVec3@4@AEAV64@PEBVPxObstacleContext@4@@Z@4_NA 00000001800555cd     CctCharacterController.obj
 0003:000005ce       ?_ignore@?CG@??move@Controller@Cct@physx@@IEAA?AV?$PxFlags@W4Enum@PxControllerCollisionFlag@physx@@E@4@AEAVSweptVolume@34@AEBVPxVec3@4@MMAEBVPxControllerFilters@4@PEBVPxObstacleContext@4@_N@Z@4_NA 00000001800555ce     CctCharacterController.obj
 0003:000005cf       ?_ignore@?CH@??move@Controller@Cct@physx@@IEAA?AV?$PxFlags@W4Enum@PxControllerCollisionFlag@physx@@E@4@AEAVSweptVolume@34@AEBVPxVec3@4@MMAEBVPxControllerFilters@4@PEBVPxObstacleContext@4@_N@Z@4_NA 00000001800555cf     CctCharacterController.obj
 0003:000005d0       ?_ignore@?CI@??move@Controller@Cct@physx@@IEAA?AV?$PxFlags@W4Enum@PxControllerCollisionFlag@physx@@E@4@AEAVSweptVolume@34@AEBVPxVec3@4@MMAEBVPxControllerFilters@4@PEBVPxObstacleContext@4@_N@Z@4_NA 00000001800555d0     CctCharacterController.obj
 0003:000005d1       ?_ignore@?CJ@??move@Controller@Cct@physx@@IEAA?AV?$PxFlags@W4Enum@PxControllerCollisionFlag@physx@@E@4@AEAVSweptVolume@34@AEBVPxVec3@4@MMAEBVPxControllerFilters@4@PEBVPxObstacleContext@4@_N@Z@4_NA 00000001800555d1     CctCharacterController.obj
 0003:000005d2       ?_ignore@?DM@??move@Controller@Cct@physx@@IEAA?AV?$PxFlags@W4Enum@PxControllerCollisionFlag@physx@@E@4@AEAVSweptVolume@34@AEBVPxVec3@4@MMAEBVPxControllerFilters@4@PEBVPxObstacleContext@4@_N@Z@4_NA 00000001800555d2     CctCharacterController.obj
 0003:000005f0       ?maxV3Error@_VecMathTests@aos@shdfnd@physx@@3T__m128@@B 00000001800555f0     CctCharacterControllerCallbacks.obj
 0003:00000600       ?minFError@_VecMathTests@aos@shdfnd@physx@@3T__m128@@B 0000000180055600     CctCharacterControllerCallbacks.obj
 0003:00000610       ?maxV4Error@_VecMathTests@aos@shdfnd@physx@@3T__m128@@B 0000000180055610     CctCharacterControllerCallbacks.obj
 0003:00000620       ?minV4Error@_VecMathTests@aos@shdfnd@physx@@3T__m128@@B 0000000180055620     CctCharacterControllerCallbacks.obj
 0003:00000630       ?minV3Error@_VecMathTests@aos@shdfnd@physx@@3T__m128@@B 0000000180055630     CctCharacterControllerCallbacks.obj
 0003:00000640       ?maxFError@_VecMathTests@aos@shdfnd@physx@@3T__m128@@B 0000000180055640     CctCharacterControllerCallbacks.obj
 0003:00000663       ?_ignore@?2??outputPlaneToStream@@YAXPEAVPxShape@physx@@PEBVPxRigidActor@3@AEBVPxTransform@3@AEAV?$Array@IVNamedAllocator@shdfnd@physx@@@shdfnd@3@AEAVTriArray@Cct@3@3AEBUPxExtendedVec3@3@AEBVPxBounds3@3@AEBUCCTParams@93@PEAVRenderBuffer@Cm@3@@Z@4_NA 0000000180055663     CctCharacterControllerCallbacks.obj
 0003:00000664       ?_ignore@?2??outputSphereToStream@@YAXPEAVPxShape@physx@@PEBVPxRigidActor@3@AEBVPxTransform@3@AEAV?$Array@IVNamedAllocator@shdfnd@physx@@@shdfnd@3@AEBUPxExtendedVec3@3@@Z@4_NA 0000000180055664     CctCharacterControllerCallbacks.obj
 0003:00000665       ?_ignore@?2??outputCapsuleToStream@@YAXPEAVPxShape@physx@@PEBVPxRigidActor@3@AEBVPxTransform@3@AEAV?$Array@IVNamedAllocator@shdfnd@physx@@@shdfnd@3@AEBUPxExtendedVec3@3@@Z@4_NA 0000000180055665     CctCharacterControllerCallbacks.obj
 0003:00000666       ?_ignore@?2??outputBoxToStream@@YAXPEAVPxShape@physx@@PEBVPxRigidActor@3@AEBVPxTransform@3@AEAV?$Array@IVNamedAllocator@shdfnd@physx@@@shdfnd@3@AEAVTriArray@Cct@3@3AEBUPxExtendedVec3@3@AEBVPxBounds3@3@AEBUCCTParams@93@AEAG@Z@4_NA 0000000180055666     CctCharacterControllerCallbacks.obj
 0003:00000667       ?_ignore@?2??outputMeshToStream@@YAXPEAVPxShape@physx@@PEBVPxRigidActor@3@AEBVPxTransform@3@AEAV?$Array@IVNamedAllocator@shdfnd@physx@@@shdfnd@3@AEAVTriArray@Cct@3@3AEBUPxExtendedVec3@3@AEBVPxBounds3@3@AEBUCCTParams@93@PEAVRenderBuffer@Cm@3@AEAG@Z@4_NA 0000000180055667     CctCharacterControllerCallbacks.obj
 0003:00000668       ?_ignore@?2??outputHeightFieldToStream@@YAXPEAVPxShape@physx@@PEBVPxRigidActor@3@AEBVPxTransform@3@AEAV?$Array@IVNamedAllocator@shdfnd@physx@@@shdfnd@3@AEAVTriArray@Cct@3@3AEBUPxExtendedVec3@3@AEBVPxBounds3@3@AEBUCCTParams@93@PEAVRenderBuffer@Cm@3@AEAG@Z@4_NA 0000000180055668     CctCharacterControllerCallbacks.obj
 0003:00000669       ?_ignore@?2??outputConvexToStream@@YAXPEAVPxShape@physx@@PEBVPxRigidActor@3@AEBVPxTransform@3@AEAV?$Array@IVNamedAllocator@shdfnd@physx@@@shdfnd@3@AEAVTriArray@Cct@3@3AEBUPxExtendedVec3@3@AEBVPxBounds3@3@AEBUCCTParams@93@PEAVRenderBuffer@Cm@3@AEAG@Z@4_NA 0000000180055669     CctCharacterControllerCallbacks.obj
 0003:0000066a       ?_ignore@?3??outputConvexToStream@@YAXPEAVPxShape@physx@@PEBVPxRigidActor@3@AEBVPxTransform@3@AEAV?$Array@IVNamedAllocator@shdfnd@physx@@@shdfnd@3@AEAVTriArray@Cct@3@3AEBUPxExtendedVec3@3@AEBVPxBounds3@3@AEBUCCTParams@93@PEAVRenderBuffer@Cm@3@AEAG@Z@4_NA 000000018005566a     CctCharacterControllerCallbacks.obj
 0003:0000066b       ?_ignore@?2??getSceneTimestamp@Cct@physx@@YAIPEBUInternalCBData_FindTouchedGeom@23@@Z@4_NA 000000018005566b     CctCharacterControllerCallbacks.obj
 0003:0000066c       ?_ignore@?2??findTouchedGeometry@Cct@physx@@YAXPEBUInternalCBData_FindTouchedGeom@23@AEBUPxExtendedBounds3@3@AEAVTriArray@23@AEAV?$Array@IVNamedAllocator@shdfnd@physx@@@shdfnd@3@3AEBVCCTFilter@23@AEBUCCTParams@23@AEAG@Z@4_NA 000000018005566c     CctCharacterControllerCallbacks.obj
 0003:0000066d       ?_ignore@?5??userHitCallback@Cct@physx@@YAIPEBUInternalCBData_OnHit@23@AEBUSweptContact@23@AEBVPxVec3@3@M@Z@4_NA 000000018005566d     CctCharacterControllerCallbacks.obj
 0003:0000066e       ?_ignore@?N@??userHitCallback@Cct@physx@@YAIPEBUInternalCBData_OnHit@23@AEBUSweptContact@23@AEBVPxVec3@3@M@Z@4_NA 000000018005566e     CctCharacterControllerCallbacks.obj
 0003:0000066f       ?_ignore@?O@??userHitCallback@Cct@physx@@YAIPEBUInternalCBData_OnHit@23@AEBUSweptContact@23@AEBVPxVec3@3@M@Z@4_NA 000000018005566f     CctCharacterControllerCallbacks.obj
 0003:00000670       ?_ignore@?BD@??userHitCallback@Cct@physx@@YAIPEBUInternalCBData_OnHit@23@AEBUSweptContact@23@AEBVPxVec3@3@M@Z@4_NA 0000000180055670     CctCharacterControllerCallbacks.obj
 0003:00000671       ?_ignore@?BE@??userHitCallback@Cct@physx@@YAIPEBUInternalCBData_OnHit@23@AEBUSweptContact@23@AEBVPxVec3@3@M@Z@4_NA 0000000180055671     CctCharacterControllerCallbacks.obj
 0003:00000672       ?_ignore@?BG@??userHitCallback@Cct@physx@@YAIPEBUInternalCBData_OnHit@23@AEBUSweptContact@23@AEBVPxVec3@3@M@Z@4_NA 0000000180055672     CctCharacterControllerCallbacks.obj
 0003:00000677       ?_ignore@?5??getController@CharacterControllerManager@Cct@physx@@UEAAPEAVPxController@4@I@Z@4_NA 0000000180055677     CctCharacterControllerManager.obj
 0003:00000678       ?_ignore@?N@??createController@CharacterControllerManager@Cct@physx@@UEAAPEAVPxController@4@AEBVPxControllerDesc@4@@Z@4_NA 0000000180055678     CctCharacterControllerManager.obj
 0003:00000679       ?_ignore@?BD@??createController@CharacterControllerManager@Cct@physx@@UEAAPEAVPxController@4@AEBVPxControllerDesc@4@@Z@4_NA 0000000180055679     CctCharacterControllerManager.obj
 0003:0000067a       ?_ignore@?7??releaseController@CharacterControllerManager@Cct@physx@@QEAAXAEAVPxController@4@@Z@4_NA 000000018005567a     CctCharacterControllerManager.obj
 0003:0000067b       ?_ignore@?BB@??releaseController@CharacterControllerManager@Cct@physx@@QEAAXAEAVPxController@4@@Z@4_NA 000000018005567b     CctCharacterControllerManager.obj
 0003:0000067c       ?_ignore@?2??onRelease@CharacterControllerManager@Cct@physx@@UEAAXPEBVPxBase@4@PEAXW4Enum@PxDeletionEventFlag@4@@Z@4_NA 000000018005567c     CctCharacterControllerManager.obj
 0003:0000067d       ?_ignore@?4??unregisterObservedObject@CharacterControllerManager@Cct@physx@@QEAAXPEBVPxBase@4@@Z@4_NA 000000018005567d     CctCharacterControllerManager.obj
 0003:0000067e       ?_ignore@?5??getObstacleContext@CharacterControllerManager@Cct@physx@@UEAAPEAVPxObstacleContext@4@I@Z@4_NA 000000018005567e     CctCharacterControllerManager.obj
 0003:0000067f       ?_ignore@?2??releaseObstacleContext@CharacterControllerManager@Cct@physx@@QEAAXAEAVObstacleContext@34@@Z@4_NA 000000018005567f     CctCharacterControllerManager.obj
 0003:00000680       ?_ignore@?8??shiftOrigin@CharacterControllerManager@Cct@physx@@UEAAXAEBVPxVec3@4@@Z@4_NA 0000000180055680     CctCharacterControllerManager.obj
 0003:00000681       ?_ignore@?9??shiftOrigin@CharacterControllerManager@Cct@physx@@UEAAXAEBVPxVec3@4@@Z@4_NA 0000000180055681     CctCharacterControllerManager.obj
 0003:00000682       ?_ignore@?BG@??computeMTD@@YA_NAEAVPxVec3@physx@@AEAMAEBV23@2AEBVPxMat33@3@223@Z@4_NA 0000000180055682     CctCharacterControllerManager.obj
 0003:00000683       ?_ignore@?2??InteractionCharacterCharacter@@YAXPEAVController@Cct@physx@@0M@Z@4_NA 0000000180055683     CctCharacterControllerManager.obj
 0003:00000684       ?_ignore@?3??InteractionCharacterCharacter@@YAXPEAVController@Cct@physx@@0M@Z@4_NA 0000000180055684     CctCharacterControllerManager.obj
 0003:00000685       ?_ignore@?BG@??InteractionCharacterCharacter@@YAXPEAVController@Cct@physx@@0M@Z@4_NA 0000000180055685     CctCharacterControllerManager.obj
 0003:00000686       ?_ignore@?BH@??InteractionCharacterCharacter@@YAXPEAVController@Cct@physx@@0M@Z@4_NA 0000000180055686     CctCharacterControllerManager.obj
 0003:000006b7       ?_ignore@?2??getKineShape@Controller@Cct@physx@@IEBAPEAVPxShape@4@XZ@4_NA 00000001800556b7     CctController.obj
 0003:000006b9       ?_ignore@?7??Add@HandleManager@Cct@physx@@QEAAIPEAX@Z@4_NA 00000001800556b9     CctObstacleContext.obj
 0003:000006ba       ?_ignore@?2??encodeInternalHandle@@YAPEAXIW4Enum@PxGeometryType@physx@@@Z@4_NA 00000001800556ba     CctObstacleContext.obj
 0003:000006bb       ?_ignore@?3??encodeInternalHandle@@YAPEAXIW4Enum@PxGeometryType@physx@@@Z@4_NA 00000001800556bb     CctObstacleContext.obj
 0003:000006bc       ?_ignore@?7??removeObstacle@ObstacleContext@Cct@physx@@UEAA_NI@Z@4_NA 00000001800556bc     CctObstacleContext.obj
 0003:000006bd       ?_ignore@?P@??removeObstacle@ObstacleContext@Cct@physx@@UEAA_NI@Z@4_NA 00000001800556bd     CctObstacleContext.obj
 0003:000006be       ?_ignore@?4??updateObstacle@ObstacleContext@Cct@physx@@UEAA_NIAEBVPxObstacle@4@@Z@4_NA 00000001800556be     CctObstacleContext.obj
 0003:000006bf       ?_ignore@?L@??updateObstacle@ObstacleContext@Cct@physx@@UEAA_NIAEBVPxObstacle@4@@Z@4_NA 00000001800556bf     CctObstacleContext.obj
 0003:000006c0       ?_ignore@?BC@??updateObstacle@ObstacleContext@Cct@physx@@UEAA_NIAEBVPxObstacle@4@@Z@4_NA 00000001800556c0     CctObstacleContext.obj
 0003:000006c1       ?_ignore@?9??getObstacleByHandle@ObstacleContext@Cct@physx@@UEBAPEBVPxObstacle@4@I@Z@4_NA 00000001800556c1     CctObstacleContext.obj
 0003:000006c2       ?_ignore@?BB@??getObstacleByHandle@ObstacleContext@Cct@physx@@UEBAPEBVPxObstacle@4@I@Z@4_NA 00000001800556c2     CctObstacleContext.obj
 0003:000006c3       ?_ignore@?3??raycastSingle@ObstacleContext@Cct@physx@@QEBAPEBVPxObstacle@4@AEAUPxRaycastHit@4@AEBVPxVec3@4@1MAEAI@Z@4_NA 00000001800556c3     CctObstacleContext.obj
 0003:000006c4       ?_ignore@?L@??raycastSingle@ObstacleContext@Cct@physx@@QEBAPEBVPxObstacle@4@AEAUPxRaycastHit@4@AEBVPxVec3@4@1MAEAI@Z@4_NA 00000001800556c4     CctObstacleContext.obj
 0003:000006c5       ?_ignore@?N@??raycastSingle@ObstacleContext@Cct@physx@@QEBAPEBVPxObstacle@4@AEAUPxRaycastHit@4@AEBIAEBVPxVec3@4@2M@Z@4_NA 00000001800556c5     CctObstacleContext.obj
 0003:000006cc       ?_ignore@?5???$remove@UInternalBoxObstacle@ObstacleContext@Cct@physx@@@@YAXAEAVHandleManager@Cct@physx@@PEAXIIIAEBV?$Array@UInternalBoxObstacle@ObstacleContext@Cct@physx@@VNamedAllocator@shdfnd@4@@shdfnd@3@@Z@4_NA 00000001800556cc     CctObstacleContext.obj
 0003:000006cd       ?_ignore@?5???$remove@UInternalCapsuleObstacle@ObstacleContext@Cct@physx@@@@YAXAEAVHandleManager@Cct@physx@@PEAXIIIAEBV?$Array@UInternalCapsuleObstacle@ObstacleContext@Cct@physx@@VNamedAllocator@shdfnd@4@@shdfnd@3@@Z@4_NA 00000001800556cd     CctObstacleContext.obj
 0003:000006ce       ?_ignore@?O@??findOverlap@PxMeshOverlapUtil@physx@@QEAAIAEBVPxGeometry@3@AEBVPxTransform@3@AEBVPxTriangleMeshGeometry@3@1@Z@4_NA 00000001800556ce     PhysX3ExtensionsDEBUG:ExtTriangleMeshExt.obj
 0003:000006cf       ?_ignore@?P@??findOverlap@PxMeshOverlapUtil@physx@@QEAAIAEBVPxGeometry@3@AEBVPxTransform@3@AEBVPxTriangleMeshGeometry@3@1@Z@4_NA 00000001800556cf     PhysX3ExtensionsDEBUG:ExtTriangleMeshExt.obj
 0003:000006e7       ?_ignore@?2??computeBoxInertiaTensor@Ext@physx@@YAXAEAVPxVec3@3@MMMM@Z@4_NA 00000001800556e7     PhysX3ExtensionsDEBUG:ExtRigidBodyExt.obj
 0003:000006e8       ?_ignore@?3??computeBoxInertiaTensor@Ext@physx@@YAXAEAVPxVec3@3@MMMM@Z@4_NA 00000001800556e8     PhysX3ExtensionsDEBUG:ExtRigidBodyExt.obj
 0003:000006e9       ?_ignore@?4??computeBoxInertiaTensor@Ext@physx@@YAXAEAVPxVec3@3@MMMM@Z@4_NA 00000001800556e9     PhysX3ExtensionsDEBUG:ExtRigidBodyExt.obj
 0003:000006ea       ?_ignore@?5??computeBoxInertiaTensor@Ext@physx@@YAXAEAVPxVec3@3@MMMM@Z@4_NA 00000001800556ea     PhysX3ExtensionsDEBUG:ExtRigidBodyExt.obj
 0003:000006eb       ?_ignore@?5??computeSphereInertiaTensor@Ext@physx@@YAXAEAVPxVec3@3@MM_N@Z@4_NA 00000001800556eb     PhysX3ExtensionsDEBUG:ExtRigidBodyExt.obj
 0003:000006f0       ?_ignore@?L@??translate@InertiaTensorComputer@Ext@physx@@QEAAXAEBVPxVec3@4@@Z@4_NA 00000001800556f0     PhysX3ExtensionsDEBUG:ExtRigidBodyExt.obj
 0003:000006f1       ?_ignore@?M@??translate@InertiaTensorComputer@Ext@physx@@QEAAXAEBVPxVec3@4@@Z@4_NA 00000001800556f1     PhysX3ExtensionsDEBUG:ExtRigidBodyExt.obj
 0003:000006f7       ?_ignore@?2??computeMassAndInertia@@YA_N_NAEAVPxRigidBody@physx@@PEBM2I0AEAVInertiaTensorComputer@Ext@3@@Z@4_NA 00000001800556f7     PhysX3ExtensionsDEBUG:ExtRigidBodyExt.obj
 0003:000006f8       ?_ignore@?3??computeMassAndInertia@@YA_N_NAEAVPxRigidBody@physx@@PEBM2I0AEAVInertiaTensorComputer@Ext@3@@Z@4_NA 00000001800556f8     PhysX3ExtensionsDEBUG:ExtRigidBodyExt.obj
 0003:000006f9       ?_ignore@?BP@??computeMassAndInertia@@YA_N_NAEAVPxRigidBody@physx@@PEBM2I0AEAVInertiaTensorComputer@Ext@3@@Z@4_NA 00000001800556f9     PhysX3ExtensionsDEBUG:ExtRigidBodyExt.obj
 0003:000006fa       ?_ignore@?CB@??computeMassAndInertia@@YA_N_NAEAVPxRigidBody@physx@@PEBM2I0AEAVInertiaTensorComputer@Ext@3@@Z@4_NA 00000001800556fa     PhysX3ExtensionsDEBUG:ExtRigidBodyExt.obj
 0003:000006fb       ?_ignore@?CD@??computeMassAndInertia@@YA_N_NAEAVPxRigidBody@physx@@PEBM2I0AEAVInertiaTensorComputer@Ext@3@@Z@4_NA 00000001800556fb     PhysX3ExtensionsDEBUG:ExtRigidBodyExt.obj
 0003:000006fc       ?_ignore@?CF@??computeMassAndInertia@@YA_N_NAEAVPxRigidBody@physx@@PEBM2I0AEAVInertiaTensorComputer@Ext@3@@Z@4_NA 00000001800556fc     PhysX3ExtensionsDEBUG:ExtRigidBodyExt.obj
 0003:000006fd       ?_ignore@?BA@??updateMassAndInertia@@YA_N_NAEAVPxRigidBody@physx@@PEBMIPEBVPxVec3@3@0@Z@4_NA 00000001800556fd     PhysX3ExtensionsDEBUG:ExtRigidBodyExt.obj
 0003:000006fe       ?_ignore@?BB@??updateMassAndInertia@@YA_N_NAEAVPxRigidBody@physx@@PEBMIPEBVPxVec3@3@0@Z@4_NA 00000001800556fe     PhysX3ExtensionsDEBUG:ExtRigidBodyExt.obj
 0003:000006ff       ?_ignore@?BC@??updateMassAndInertia@@YA_N_NAEAVPxRigidBody@physx@@PEBMIPEBVPxVec3@3@0@Z@4_NA 00000001800556ff     PhysX3ExtensionsDEBUG:ExtRigidBodyExt.obj
 0003:00000700       ?_ignore@?BB@??setMassAndUpdateInertia@@YA_N_NAEAVPxRigidBody@physx@@PEBMIPEBVPxVec3@3@0@Z@4_NA 0000000180055700     PhysX3ExtensionsDEBUG:ExtRigidBodyExt.obj
 0003:00000701       ?_ignore@?BC@??setMassAndUpdateInertia@@YA_N_NAEAVPxRigidBody@physx@@PEBMIPEBVPxVec3@3@0@Z@4_NA 0000000180055701     PhysX3ExtensionsDEBUG:ExtRigidBodyExt.obj
 0003:00000702       ?_ignore@?4??linearSweepSingle@PxRigidBodyExt@physx@@SA_NAEAVPxRigidBody@3@AEAVPxScene@3@AEBVPxVec3@3@MV?$PxFlags@W4Enum@PxHitFlag@physx@@G@3@AEAUPxSweepHit@3@AEAIAEBUPxQueryFilterData@3@PEAVPxQueryFilterCallback@3@PEBUPxQueryCache@3@M@Z@4_NA 0000000180055702     PhysX3ExtensionsDEBUG:ExtRigidBodyExt.obj
 0003:00000703       ?_ignore@?5??linearSweepMultiple@PxRigidBodyExt@physx@@SAIAEAVPxRigidBody@3@AEAVPxScene@3@AEBVPxVec3@3@MV?$PxFlags@W4Enum@PxHitFlag@physx@@G@3@PEAUPxSweepHit@3@PEAIIAEAU83@AEAHAEA_NAEBUPxQueryFilterData@3@PEAVPxQueryFilterCallback@3@PEBUPxQueryCache@3@M@Z@4_NA 0000000180055703     PhysX3ExtensionsDEBUG:ExtRigidBodyExt.obj
 0003:00000704       ?_ignore@?BG@??linearSweepMultiple@PxRigidBodyExt@physx@@SAIAEAVPxRigidBody@3@AEAVPxScene@3@AEBVPxVec3@3@MV?$PxFlags@W4Enum@PxHitFlag@physx@@G@3@PEAUPxSweepHit@3@PEAIIAEAU83@AEAHAEA_NAEBUPxQueryFilterData@3@PEAVPxQueryFilterCallback@3@PEBUPxQueryCache@3@M@Z@4_NA 0000000180055704     PhysX3ExtensionsDEBUG:ExtRigidBodyExt.obj
 0003:00000705       ?_ignore@?BI@??linearSweepMultiple@PxRigidBodyExt@physx@@SAIAEAVPxRigidBody@3@AEAVPxScene@3@AEBVPxVec3@3@MV?$PxFlags@W4Enum@PxHitFlag@physx@@G@3@PEAUPxSweepHit@3@PEAIIAEAU83@AEAHAEA_NAEBUPxQueryFilterData@3@PEAVPxQueryFilterCallback@3@PEBUPxQueryCache@3@M@Z@4_NA 0000000180055705     PhysX3ExtensionsDEBUG:ExtRigidBodyExt.obj
 0003:0000070f       ?init@?1??_RTC_InitBase@@9@4_NA 000000018005570f     MSVCRTD:init.obj
 0003:00000724       ?__proc_attached@@3HA      0000000180055724     MSVCRTD:dll_dllmain.obj
 0003:00000728       ?_RTC_ErrorReportFunc@@3P6AHHPEBDH00ZZEA 0000000180055728     MSVCRTD:userapi.obj
 0003:00000730       ?_RTC_ErrorReportFuncW@@3P6AHHPEB_WH00ZZEA 0000000180055730     MSVCRTD:userapi.obj
 0003:00000770       ?is_initialized_as_dll@@3_NA 0000000180055770     MSVCRTD:utility.obj
 0003:00000771       ?module_local_atexit_table_initialized@@3_NA 0000000180055771     MSVCRTD:utility.obj
 0003:00000778       ?module_local_atexit_table@@3U_onexit_table_t@@A 0000000180055778     MSVCRTD:utility.obj
 0003:00000790       ?module_local_at_quick_exit_table@@3U_onexit_table_t@@A 0000000180055790     MSVCRTD:utility.obj
 0003:000007d0       ?mspdb@@3PEAUHINSTANCE__@@EA 00000001800557d0     MSVCRTD:pdblkup.obj
 0003:000007d9       ?alreadyTried@?1??GetPdbDll@@YAPEAUHINSTANCE__@@XZ@4_NA 00000001800557d9     MSVCRTD:pdblkup.obj
 0003:000007da       ?PDBOK@?1??_RTC_GetSrcLine@@YAHPEAEPEA_WKPEAH1K@Z@4_NA 00000001800557da     MSVCRTD:pdblkup.obj
 0003:000007e0       GS_ExceptionRecord         00000001800557e0     MSVCRTD:gs_report.obj
 0003:00000880       GS_ContextRecord           0000000180055880     MSVCRTD:gs_report.obj
 0005:00000f76       .idata$6                   000000018005af76     PxFoundationDEBUG_x64:PxFoundationDEBUG_x64.dll
 0005:00001786       .idata$6                   000000018005b786     PhysX3CommonDEBUG_x64:PhysX3CommonDEBUG_x64.dll
 0005:000018b2       .idata$6                   000000018005b8b2     vcruntimed:VCRUNTIME140D.dll
 0005:00001a60       .idata$6                   000000018005ba60     ucrtd:ucrtbased.dll
 0005:00001ca2       .idata$6                   000000018005bca2     kernel32:KERNEL32.dll
 0007:000001c0       $R000000                   000000018005d1c0     PhysX3CharacterKinematic.res
 0007:00000540       $R000380                   000000018005d540     PhysX3CharacterKinematic.res
